Archive member included to satisfy reference by file (symbol)

C:/msys64/opt/wonderful/thirdparty/blocksds/external/nflib/lib\libnflib.a(nf_text16.c.o)
                              build/CatchTheStars/source/main.c.o (NF_LoadTextFont16)
C:/msys64/opt/wonderful/thirdparty/blocksds/external/nflib/lib\libnflib.a(nf_2d.c.o)
                              build/CatchTheStars/source/main.c.o (NF_Set2D)
C:/msys64/opt/wonderful/thirdparty/blocksds/external/nflib/lib\libnflib.a(nf_sprite256.c.o)
                              build/CatchTheStars/source/main.c.o (NF_InitSpriteBuffers)
C:/msys64/opt/wonderful/thirdparty/blocksds/external/nflib/lib\libnflib.a(nf_basic.c.o)
                              C:/msys64/opt/wonderful/thirdparty/blocksds/external/nflib/lib\libnflib.a(nf_text16.c.o) (NF_Error)
C:/msys64/opt/wonderful/thirdparty/blocksds/external/nflib/lib\libnflib.a(nf_text.c.o)
                              build/CatchTheStars/source/main.c.o (NF_InitTextSys)
C:/msys64/opt/wonderful/thirdparty/blocksds/external/nflib/lib\libnflib.a(nf_tiledbg.c.o)
                              build/CatchTheStars/source/main.c.o (NF_InitTiledBgBuffers)
C:/msys64/opt/wonderful/thirdparty/blocksds/core/libs/libnds/lib\libnds9.a(IntrWait.s.o)
                              build/CatchTheStars/source/main.c.o (swiWaitForVBlank)
C:/msys64/opt/wonderful/thirdparty/blocksds/core/libs/libnds/lib\libnds9.a(mpu_setup.s.o)
                              C:/msys64/opt/wonderful/thirdparty/blocksds/core/sys/crts/ds_arm9_crt0.o (__libnds_mpu_setup)
C:/msys64/opt/wonderful/thirdparty/blocksds/core/libs/libnds/lib\libnds9.a(dma.s.o)
                              C:/msys64/opt/wonderful/thirdparty/blocksds/external/nflib/lib\libnflib.a(nf_basic.c.o) (dmaSetParams)
C:/msys64/opt/wonderful/thirdparty/blocksds/core/libs/libnds/lib\libnds9.a(memcpy.s.o)
                              C:/msys64/opt/wonderful/thirdparty/blocksds/external/nflib/lib\libnflib.a(nf_sprite256.c.o) (memcpy)
C:/msys64/opt/wonderful/thirdparty/blocksds/core/libs/libnds/lib\libnds9.a(memset.s.o)
                              C:/msys64/opt/wonderful/thirdparty/blocksds/external/nflib/lib\libnflib.a(nf_text16.c.o) (memset)
C:/msys64/opt/wonderful/thirdparty/blocksds/core/libs/libnds/lib\libnds9.a(console.c.o)
                              build/CatchTheStars/source/main.c.o (consoleDemoInit)
C:/msys64/opt/wonderful/thirdparty/blocksds/core/libs/libnds/lib\libnds9.a(chdir.c.o)
                              C:/msys64/opt/wonderful/thirdparty/blocksds/external/nflib/lib\libnflib.a(nf_basic.c.o) (chdir)
C:/msys64/opt/wonderful/thirdparty/blocksds/core/libs/libnds/lib\libnds9.a(crt0_argv.c.o)
                              C:/msys64/opt/wonderful/thirdparty/blocksds/core/sys/crts/ds_arm9_crt0.o (build_argv)
C:/msys64/opt/wonderful/thirdparty/blocksds/core/libs/libnds/lib\libnds9.a(fatfs.c.o)
                              C:/msys64/opt/wonderful/thirdparty/blocksds/core/libs/libnds/lib\libnds9.a(chdir.c.o) (fatfs_error_to_posix)
C:/msys64/opt/wonderful/thirdparty/blocksds/core/libs/libnds/lib\libnds9.a(filesystem.c.o)
                              C:/msys64/opt/wonderful/thirdparty/blocksds/external/nflib/lib\libnflib.a(nf_basic.c.o) (access)
C:/msys64/opt/wonderful/thirdparty/blocksds/core/libs/libnds/lib\libnds9.a(iob.c.o)
                              C:/msys64/opt/wonderful/thirdparty/blocksds/core/libs/libnds/lib\libnds9.a(console.c.o) (stderr)
C:/msys64/opt/wonderful/thirdparty/blocksds/core/libs/libnds/lib\libnds9.a(nitrofs.c.o)
                              C:/msys64/opt/wonderful/thirdparty/blocksds/core/libs/libnds/lib\libnds9.a(filesystem.c.o) (nitrofs_use_for_path)
C:/msys64/opt/wonderful/thirdparty/blocksds/core/libs/libnds/lib\libnds9.a(card.c.o)
                              C:/msys64/opt/wonderful/thirdparty/blocksds/core/libs/libnds/lib\libnds9.a(nitrofs.c.o) (cardReadArm7)
C:/msys64/opt/wonderful/thirdparty/blocksds/core/libs/libnds/lib\libnds9.a(dldi.c.o)
                              C:/msys64/opt/wonderful/thirdparty/blocksds/core/libs/libnds/lib\libnds9.a(nitrofs.c.o) (dldiGetMode)
C:/msys64/opt/wonderful/thirdparty/blocksds/core/libs/libnds/lib\libnds9.a(cache.c.o)
                              C:/msys64/opt/wonderful/thirdparty/blocksds/external/nflib/lib\libnflib.a(nf_basic.c.o) (CP15_CleanAndFlushDCacheRange)
C:/msys64/opt/wonderful/thirdparty/blocksds/core/libs/libnds/lib\libnds9.a(initSystem.c.o)
                              C:/msys64/opt/wonderful/thirdparty/blocksds/core/sys/crts/ds_arm9_crt0.o (initSystem)
C:/msys64/opt/wonderful/thirdparty/blocksds/core/libs/libnds/lib\libnds9.a(keys.c.o)
                              build/CatchTheStars/source/main.c.o (scanKeys)
C:/msys64/opt/wonderful/thirdparty/blocksds/core/libs/libnds/lib\libnds9.a(securearea.c.o)
                              C:/msys64/opt/wonderful/thirdparty/blocksds/core/sys/crts/ds_arm9_crt0.o (__secure_area__)
[...]
Memory Configuration

Name             Origin             Length             Attributes
ewram            0x02000000         0x00380000
dtcm             0x02ff0000         0x00004000
itcm             0x01000000         0x00008000
*default*        0x00000000         0xffffffff

Linker script and memory map

                0x00000000                        PROVIDE (__dtcm_data_size = 0x0)
                0x00000001                        ASSERT (((__dtcm_data_size & 0x3) == 0x0), __dtcm_data_size must be a multiple of 4)
                0x00004000                        PROVIDE (__dldi_size = 0x4000)
                0x00000040                        PROVIDE (__dtcm_reserved_size = 0x40)
                0x00000001                        ASSERT (((__dtcm_reserved_size & 0x3) == 0x0), __dtcm_reserved_size must be a multiple of 4)
                0x00000100                        PROVIDE (__svc_stack_size = 0x100)
                0x00000001                        ASSERT (((__svc_stack_size & 0x3) == 0x0), __svc_stack_size must be a multiple of 4)
                0x00000100                        PROVIDE (__irq_stack_size = 0x100)
                0x00000001                        ASSERT (((__irq_stack_size & 0x3) == 0x0), __irq_stack_size must be a multiple of 4)
                0x00000000                        PROVIDE (__usr_stack_size = 0x0)
                0x00000001                        ASSERT (((__usr_stack_size & 0x3) == 0x0), __usr_stack_size must be a multiple of 4)
                0x02380000                        __ewram_end = (ORIGIN (ewram) + LENGTH (ewram))
                0x02380000                        __eheap_end = (ORIGIN (ewram) + LENGTH (ewram))
                0x02ff0000                        __dtcm_start = ORIGIN (dtcm)
                0x02ff4000                        __dtcm_top = (ORIGIN (dtcm) + LENGTH (dtcm))
                0x02ff3ff8                        __irq_flags = (__dtcm_top - 0x8)
                0x02ff3ffc                        __irq_vector = (__dtcm_top - 0x4)
                0x02ff3fc0                        __sp_svc = (__dtcm_top - __dtcm_reserved_size)
                0x02ff3ec0                        __sp_irq = (__sp_svc - __svc_stack_size)
                0x02ff3dc0                        __sp_usr = ((__sp_irq - __irq_stack_size) - __dtcm_data_size)
                0x02ff0000                        __dtcm_data_start = (__dtcm_data_size > 0x0)?__sp_usr:ORIGIN (dtcm)
                0x02ff3dc0                        __dtcm_data_top = (__dtcm_data_size > 0x0)?(__sp_irq - __irq_stack_size):(__sp_usr - __usr_stack_size)
                0x0000000e                        __dldi_log2_size = (LOG2CEIL ((__dldi_size + 0x1)) - 0x1)

.secure         0x02000000      0x800
 *(.secure)
 .secure        0x02000000      0x800 C:/msys64/opt/wonderful/thirdparty/blocksds/core/libs/libnds/lib\libnds9.a(securearea.c.o)
                0x02000000                __secure_area__

.crt0           0x02000800      0x2f4
                0x02000800                        __text_start = .
 *(.crt0)
 .crt0          0x02000800      0x2f4 C:/msys64/opt/wonderful/thirdparty/blocksds/core/sys/crts/ds_arm9_crt0.o
                0x02000800                _start
                0x02000af4                        . = ALIGN (0x4)

.dldi           0x02000b00     0x4000
                0x02000b00                        __dldi_start = .
 *(.dldi)
 .dldi          0x02000b00       0x88 C:/msys64/opt/wonderful/thirdparty/blocksds/core/libs/libnds/lib\libnds9.a(dldi_stub.s.o)
                0x02000b00                _io_dldi_stub
                0x02000b88                        . = ALIGN (0x4)
                0x02000b88                        __dldi_data_end = .
                0x02004b00                        __dldi_end = (__dldi_data_end > __dldi_start)?(__dldi_start + __dldi_size):__dldi_start
                0x02004b00                        . = __dldi_end
 *fill*         0x02000b88     0x3f78 00
                0x02004b00                        . = ALIGN (0x4)

.plt
 *(.plt)

.init           0x02004b00        0x8
 *(SORT_NONE(.init))
 .init          0x02004b00        0x8 C:/msys64/opt/wonderful/toolchain/gcc-arm-none-eabi/lib/gcc/arm-none-eabi/14.2.0/thumb/arm946e-s/crtn.o

.text           0x02004b08     0xf508
 *(EXCLUDE_FILE(*.twl* *.itcm*) .text)
 .text          0x02004b08       0x14 C:/msys64/opt/wonderful/toolchain/gcc-arm-none-eabi/lib/gcc/arm-none-eabi/14.2.0/../../../../arm-none-eabi/lib/thumb/arm946e-s\libc.a(strcmp.S.o)
                0x02004b08                strcmp
 .text          0x02004b1c        0xe C:/msys64/opt/wonderful/toolchain/gcc-arm-none-eabi/lib/gcc/arm-none-eabi/14.2.0/../../../../arm-none-eabi/lib/thumb/arm946e-s\libc.a(strlen.S.o)
                0x02004b1c                strlen
 *fill*         0x02004b2a        0x2 ff
 .text          0x02004b2c       0x14 C:/msys64/opt/wonderful/toolchain/gcc-arm-none-eabi/lib/gcc/arm-none-eabi/14.2.0/thumb/arm946e-s\libgcc.a(_thumb1_case_uqi.o)
                0x02004b2c                __gnu_thumb1_case_uqi
 .text          0x02004b40       0x14 C:/msys64/opt/wonderful/toolchain/gcc-arm-none-eabi/lib/gcc/arm-none-eabi/14.2.0/thumb/arm946e-s\libgcc.a(_thumb1_case_uhi.o)
                0x02004b40                __gnu_thumb1_case_uhi
 .text          0x02004b54      0x214 C:/msys64/opt/wonderful/toolchain/gcc-arm-none-eabi/lib/gcc/arm-none-eabi/14.2.0/thumb/arm946e-s\libgcc.a(_udivsi3.o)
                0x02004b54                __aeabi_uidiv
                0x02004b54                __udivsi3
                0x02004d48                __aeabi_uidivmod
 .text          0x02004d68      0x248 C:/msys64/opt/wonderful/toolchain/gcc-arm-none-eabi/lib/gcc/arm-none-eabi/14.2.0/thumb/arm946e-s\libgcc.a(_divsi3.o)
                0x02004d68                __divsi3
                0x02004d68                __aeabi_idiv
                0x02004f90                __aeabi_idivmod
 .text          0x02004fb0        0x4 C:/msys64/opt/wonderful/toolchain/gcc-arm-none-eabi/lib/gcc/arm-none-eabi/14.2.0/thumb/arm946e-s\libgcc.a(_dvmd_tls.o)
                0x02004fb0                __aeabi_idiv0
                0x02004fb0                __aeabi_ldiv0
 .text          0x02004fb4       0x18 C:/msys64/opt/wonderful/toolchain/gcc-arm-none-eabi/lib/gcc/arm-none-eabi/14.2.0/thumb/arm946e-s\libgcc.a(_lshrdi3.o)
                0x02004fb4                __lshrdi3
                0x02004fb4                __aeabi_llsr
 .text          0x02004fcc       0x1c C:/msys64/opt/wonderful/toolchain/gcc-arm-none-eabi/lib/gcc/arm-none-eabi/14.2.0/thumb/arm946e-s\libgcc.a(_ashrdi3.o)
                0x02004fcc                __aeabi_lasr
                0x02004fcc                __ashrdi3
 .text          0x02004fe8       0x18 C:/msys64/opt/wonderful/toolchain/gcc-arm-none-eabi/lib/gcc/arm-none-eabi/14.2.0/thumb/arm946e-s\libgcc.a(_ashldi3.o)
                0x02004fe8                __aeabi_llsl
                0x02004fe8                __ashldi3
 .text          0x02005000      0x3c0 C:/msys64/opt/wonderful/toolchain/gcc-arm-none-eabi/lib/gcc/arm-none-eabi/14.2.0/thumb/arm946e-s\libgcc.a(_arm_addsubdf3.o)
                0x02005000                __aeabi_drsub
                0x02005008                __aeabi_dsub
                0x02005008                __subdf3
                0x0200500c                __aeabi_dadd
                0x0200500c                __adddf3
                0x020052b8                __floatunsidf
                0x020052b8                __aeabi_ui2d
                0x020052dc                __floatsidf
                0x020052dc                __aeabi_i2d
                0x02005304                __aeabi_f2d
                0x02005304                __extendsfdf2
                0x0200534c                __floatundidf
                0x0200534c                __aeabi_ul2d
                0x02005360                __floatdidf
                0x02005360                __aeabi_l2d
 .text          0x020053c0      0x12c C:/msys64/opt/wonderful/toolchain/gcc-arm-none-eabi/lib/gcc/arm-none-eabi/14.2.0/thumb/arm946e-s\libgcc.a(_arm_cmpdf2.o)
                0x020053c0                __gtdf2
                0x020053c0                __gedf2
                0x020053c8                __ltdf2
                0x020053c8                __ledf2
                0x020053d0                __nedf2
                0x020053d0                __eqdf2
                0x020053d0                __cmpdf2
                0x02005458                __aeabi_cdrcmple
                0x02005474                __aeabi_cdcmpeq
                0x02005474                __aeabi_cdcmple
                0x02005488                __aeabi_dcmpeq
                0x0200549c                __aeabi_dcmplt
                0x020054b0                __aeabi_dcmple
                0x020054c4                __aeabi_dcmpge
                0x020054d8                __aeabi_dcmpgt
 .text          0x020054ec       0xa0 C:/msys64/opt/wonderful/toolchain/gcc-arm-none-eabi/lib/gcc/arm-none-eabi/14.2.0/thumb/arm946e-s\libgcc.a(_arm_truncdfsf2.o)
                0x020054ec                __truncdfsf2
                0x020054ec                __aeabi_d2f
 .text          0x0200558c        0x8 C:/msys64/opt/wonderful/toolchain/gcc-arm-none-eabi/lib/gcc/arm-none-eabi/14.2.0/thumb/arm946e-s\libgcc.a(_clzsi2.o)
                0x0200558c                __clzsi2
 .text          0x02005594       0x14 C:/msys64/opt/wonderful/toolchain/gcc-arm-none-eabi/lib/gcc/arm-none-eabi/14.2.0/thumb/arm946e-s\libgcc.a(_clzdi2.o)
                0x02005594                __clzdi2
 .text          0x020055a8       0xd4 C:/msys64/opt/wonderful/toolchain/gcc-arm-none-eabi/lib/gcc/arm-none-eabi/14.2.0/thumb/arm946e-s\libgcc.a(_aeabi_ldivmod.o)
                0x020055a8                __aeabi_ldivmod
 .text          0x0200567c       0x3c C:/msys64/opt/wonderful/toolchain/gcc-arm-none-eabi/lib/gcc/arm-none-eabi/14.2.0/thumb/arm946e-s\libgcc.a(_aeabi_uldivmod.o)
                0x0200567c                __aeabi_uldivmod
 .text          0x020056b8       0x60 C:/msys64/opt/wonderful/toolchain/gcc-arm-none-eabi/lib/gcc/arm-none-eabi/14.2.0/thumb/arm946e-s\libgcc.a(_muldi3.o)
                0x020056b8                __muldi3
                0x020056b8                __aeabi_lmul
 .text          0x02005718      0x198 C:/msys64/opt/wonderful/toolchain/gcc-arm-none-eabi/lib/gcc/arm-none-eabi/14.2.0/thumb/arm946e-s\libgcc.a(_udivmoddi4.o)
                0x02005718                __udivmoddi4
 *(EXCLUDE_FILE(*.twl* *.itcm*) .stub)
 *(EXCLUDE_FILE(*.twl* *.itcm*) .text.*)
 .text.initGraphics
                0x020058b0       0x40 build/CatchTheStars/source/main.c.o
                0x020058b0                initGraphics
 .text.showTitleScreen
                0x020058f0       0xe0 build/CatchTheStars/source/main.c.o
                0x020058f0                showTitleScreen
 .text.loadSprites
                0x020059d0       0xb4 build/CatchTheStars/source/main.c.o
                0x020059d0                loadSprites
 .text.moveCharacter
                0x02005a84       0x84 build/CatchTheStars/source/main.c.o
                0x02005a84                moveCharacter
 .text.checkCollision
                0x02005b08       0x68 build/CatchTheStars/source/main.c.o
                0x02005b08                checkCollision
 .text.startup.main
                0x02005b70      0x148 build/CatchTheStars/source/main.c.o
                0x02005b70                main
 .text.NF_LoadTextFont16
                0x02005cb8      0x1e0 C:/msys64/opt/wonderful/thirdparty/blocksds/external/nflib/lib\libnflib.a(nf_text16.c.o)
                0x02005cb8                NF_LoadTextFont16
 .text.NF_CreateTextLayer16
                0x02005e98       0xe4 C:/msys64/opt/wonderful/thirdparty/blocksds/external/nflib/lib\libnflib.a(nf_text16.c.o)
                0x02005e98                NF_CreateTextLayer16
 .text.NF_WriteText16
                0x02005f7c      0x370 C:/msys64/opt/wonderful/thirdparty/blocksds/external/nflib/lib\libnflib.a(nf_text16.c.o)
                0x02005f7c                NF_WriteText16
 .text.NF_ClearTextLayer16
                0x020062ec       0x4c C:/msys64/opt/wonderful/thirdparty/blocksds/external/nflib/lib\libnflib.a(nf_text16.c.o)
                0x020062ec                NF_ClearTextLayer16
 .text.NF_Set2D
                0x02006338       0x64 C:/msys64/opt/wonderful/thirdparty/blocksds/external/nflib/lib\libnflib.a(nf_2d.c.o)
                0x02006338                NF_Set2D
 .text.NF_ShowBg
                0x0200639c       0x74 C:/msys64/opt/wonderful/thirdparty/blocksds/external/nflib/lib\libnflib.a(nf_2d.c.o)
                0x0200639c                NF_ShowBg
 .text.NF_HideBg
                0x02006410       0x9c C:/msys64/opt/wonderful/thirdparty/blocksds/external/nflib/lib\libnflib.a(nf_2d.c.o)
                0x02006410                NF_HideBg
 .text.NF_ScrollBg
                0x020064ac      0x2fc C:/msys64/opt/wonderful/thirdparty/blocksds/external/nflib/lib\libnflib.a(nf_2d.c.o)
                0x020064ac                NF_ScrollBg
 .text.NF_InitSpriteBuffers
                0x020067a8       0x5c C:/msys64/opt/wonderful/thirdparty/blocksds/external/nflib/lib\libnflib.a(nf_sprite256.c.o)
                0x020067a8                NF_InitSpriteBuffers
 .text.NF_InitSpriteSys
                0x02006804      0x204 C:/msys64/opt/wonderful/thirdparty/blocksds/external/nflib/lib\libnflib.a(nf_sprite256.c.o)
                0x02006804                NF_InitSpriteSys
 .text.NF_LoadSpriteGfx
                0x02006a08       0x98 C:/msys64/opt/wonderful/thirdparty/blocksds/external/nflib/lib\libnflib.a(nf_sprite256.c.o)
                0x02006a08                NF_LoadSpriteGfx
 .text.NF_LoadSpritePal
                0x02006aa0       0x80 C:/msys64/opt/wonderful/thirdparty/blocksds/external/nflib/lib\libnflib.a(nf_sprite256.c.o)
                0x02006aa0                NF_LoadSpritePal
 .text.NF_VramSpriteGfx
                0x02006b20      0x298 C:/msys64/opt/wonderful/thirdparty/blocksds/external/nflib/lib\libnflib.a(nf_sprite256.c.o)
                0x02006b20                NF_VramSpriteGfx
 .text.NF_VramSpritePal
                0x02006db8       0xb0 C:/msys64/opt/wonderful/thirdparty/blocksds/external/nflib/lib\libnflib.a(nf_sprite256.c.o)
                0x02006db8                NF_VramSpritePal
 .text.NF_CreateSprite
                0x02006e68      0x1c8 C:/msys64/opt/wonderful/thirdparty/blocksds/external/nflib/lib\libnflib.a(nf_sprite256.c.o)
                0x02006e68                NF_CreateSprite
 .text.NF_SpriteOamSet
                0x02007030       0xc4 C:/msys64/opt/wonderful/thirdparty/blocksds/external/nflib/lib\libnflib.a(nf_sprite256.c.o)
                0x02007030                NF_SpriteOamSet
 .text.NF_Error
                0x020070f4      0x2d8 C:/msys64/opt/wonderful/thirdparty/blocksds/external/nflib/lib\libnflib.a(nf_basic.c.o)
                0x020070f4                NF_Error
 .text.NF_SetRootFolder
                0x020073cc      0x1dc C:/msys64/opt/wonderful/thirdparty/blocksds/external/nflib/lib\libnflib.a(nf_basic.c.o)
                0x020073cc                NF_SetRootFolder
 .text.NF_DmaMemCopy
                0x020075a8       0x7c C:/msys64/opt/wonderful/thirdparty/blocksds/external/nflib/lib\libnflib.a(nf_basic.c.o)
                0x020075a8                NF_DmaMemCopy
 .text.NF_FileLoad
                0x02007624       0xac C:/msys64/opt/wonderful/thirdparty/blocksds/external/nflib/lib\libnflib.a(nf_basic.c.o)
                0x02007624                NF_FileLoad
 .text.NF_InitTextSys
                0x020076d0       0x34 C:/msys64/opt/wonderful/thirdparty/blocksds/external/nflib/lib\libnflib.a(nf_text.c.o)
                0x020076d0                NF_InitTextSys
 .text.NF_UpdateTextLayers
                0x02007704       0x4c C:/msys64/opt/wonderful/thirdparty/blocksds/external/nflib/lib\libnflib.a(nf_text.c.o)
                0x02007704                NF_UpdateTextLayers
 .text.NF_InitTiledBgBuffers
                0x02007750       0x94 C:/msys64/opt/wonderful/thirdparty/blocksds/external/nflib/lib\libnflib.a(nf_tiledbg.c.o)
                0x02007750                NF_InitTiledBgBuffers
 .text.NF_InitTiledBgSys
                0x020077e4      0x164 C:/msys64/opt/wonderful/thirdparty/blocksds/external/nflib/lib\libnflib.a(nf_tiledbg.c.o)
                0x020077e4                NF_InitTiledBgSys
 .text.NF_LoadTiledBg
                0x02007948      0x1ac C:/msys64/opt/wonderful/thirdparty/blocksds/external/nflib/lib\libnflib.a(nf_tiledbg.c.o)
                0x02007948                NF_LoadTiledBg
 .text.NF_DeleteTiledBg
                0x02007af4      0x18c C:/msys64/opt/wonderful/thirdparty/blocksds/external/nflib/lib\libnflib.a(nf_tiledbg.c.o)
                0x02007af4                NF_DeleteTiledBg
 .text.NF_CreateTiledBg
                0x02007c80      0x56c C:/msys64/opt/wonderful/thirdparty/blocksds/external/nflib/lib\libnflib.a(nf_tiledbg.c.o)
                0x02007c80                NF_CreateTiledBg
 .text.NF_GetTileMapAddress
                0x020081ec       0x88 C:/msys64/opt/wonderful/thirdparty/blocksds/external/nflib/lib\libnflib.a(nf_tiledbg.c.o)
                0x020081ec                NF_GetTileMapAddress
 .text.NF_SetTileOfMap
                0x02008274       0x40 C:/msys64/opt/wonderful/thirdparty/blocksds/external/nflib/lib\libnflib.a(nf_tiledbg.c.o)
                0x02008274                NF_SetTileOfMap
 .text.NF_UpdateVramMap
                0x020082b4       0xf8 C:/msys64/opt/wonderful/thirdparty/blocksds/external/nflib/lib\libnflib.a(nf_tiledbg.c.o)
                0x020082b4                NF_UpdateVramMap
 .text.NF_RotateTileGfx
                0x020083ac      0x104 C:/msys64/opt/wonderful/thirdparty/blocksds/external/nflib/lib\libnflib.a(nf_tiledbg.c.o)
                0x020083ac                NF_RotateTileGfx
 .text.swiWaitForVBlank
                0x020084b0       0x78 C:/msys64/opt/wonderful/thirdparty/blocksds/core/libs/libnds/lib\libnds9.a(IntrWait.s.o)
                0x020084b0                swiWaitForVBlank
                0x020084b8                swiIntrWait
 .text.__libnds_mpu_setup
                0x02008528      0x1c4 C:/msys64/opt/wonderful/thirdparty/blocksds/core/libs/libnds/lib\libnds9.a(mpu_setup.s.o)
                0x02008528                __libnds_mpu_setup
 .text.CP15_MPUDisable
                0x020086ec       0x3c C:/msys64/opt/wonderful/thirdparty/blocksds/core/libs/libnds/lib\libnds9.a(mpu_setup.s.o)
                0x020086ec                CP15_MPUDisable
 .text.memUncached
                0x02008728       0x20 C:/msys64/opt/wonderful/thirdparty/blocksds/core/libs/libnds/lib\libnds9.a(mpu_setup.s.o)
                0x02008728                memUncached
 .text.dmaSetParams
                0x02008748       0x1c C:/msys64/opt/wonderful/thirdparty/blocksds/core/libs/libnds/lib\libnds9.a(dma.s.o)
                0x02008748                dmaSetParams
 .text.__aeabi_memcpy
                0x02008764       0xc8 C:/msys64/opt/wonderful/thirdparty/blocksds/core/libs/libnds/lib\libnds9.a(memcpy.s.o)
                0x02008764                __aeabi_memcpy
                0x0200879c                __aeabi_memcpy4
                0x0200879c                __aeabi_memcpy8
                0x02008808                __ndsabi_memcpy2
 .text.__ndsabi_memcpy1
                0x0200882c       0x14 C:/msys64/opt/wonderful/thirdparty/blocksds/core/libs/libnds/lib\libnds9.a(memcpy.s.o)
                0x0200882c                __ndsabi_memcpy1
 .text.memcpy   0x02008840       0x10 C:/msys64/opt/wonderful/thirdparty/blocksds/core/libs/libnds/lib\libnds9.a(memcpy.s.o)
                0x02008840                memcpy
 .text.__aeabi_memset
                0x02008850       0x9c C:/msys64/opt/wonderful/thirdparty/blocksds/core/libs/libnds/lib\libnds9.a(memset.s.o)
                0x02008850                __aeabi_memset
                0x02008874                __aeabi_memset8
                0x02008874                __aeabi_memset4
                0x02008880                __ndsabi_wordset4
                0x02008884                __ndsabi_lwordset4
 .text.__ndsabi_memset1
                0x020088ec       0x10 C:/msys64/opt/wonderful/thirdparty/blocksds/core/libs/libnds/lib\libnds9.a(memset.s.o)
                0x020088ec                __ndsabi_memset1
 .text.memset   0x020088fc       0x1c C:/msys64/opt/wonderful/thirdparty/blocksds/core/libs/libnds/lib\libnds9.a(memset.s.o)
                0x020088fc                memset
 .text.newRow   0x02008918       0x88 C:/msys64/opt/wonderful/thirdparty/blocksds/core/libs/libnds/lib\libnds9.a(console.c.o)
 .text.consolePrintChar.part.0
                0x020089a0      0x100 C:/msys64/opt/wonderful/thirdparty/blocksds/core/libs/libnds/lib\libnds9.a(console.c.o)
 .text.consolePrintChar
                0x02008aa0       0x2c C:/msys64/opt/wonderful/thirdparty/blocksds/core/libs/libnds/lib\libnds9.a(console.c.o)
                0x02008aa0                consolePrintChar
 .text.con_write
                0x02008acc      0x33c C:/msys64/opt/wonderful/thirdparty/blocksds/core/libs/libnds/lib\libnds9.a(console.c.o)
 .text.consoleLoadFont
                0x02008e08      0x268 C:/msys64/opt/wonderful/thirdparty/blocksds/core/libs/libnds/lib\libnds9.a(console.c.o)
                0x02008e08                consoleLoadFont
 .text.consoleInitEx
                0x02009070      0x1b8 C:/msys64/opt/wonderful/thirdparty/blocksds/core/libs/libnds/lib\libnds9.a(console.c.o)
                0x02009070                consoleInitEx
 .text.consoleDemoInit
                0x02009228       0x48 C:/msys64/opt/wonderful/thirdparty/blocksds/core/libs/libnds/lib\libnds9.a(console.c.o)
                0x02009228                consoleDemoInit
 .text.consoleSetCursor
                0x02009270       0x24 C:/msys64/opt/wonderful/thirdparty/blocksds/core/libs/libnds/lib\libnds9.a(console.c.o)
                0x02009270                consoleSetCursor
 .text.consoleSetColor
                0x02009294       0x18 C:/msys64/opt/wonderful/thirdparty/blocksds/core/libs/libnds/lib\libnds9.a(console.c.o)
                0x02009294                consoleSetColor
 .text.consoleArm7Flush
                0x020092ac       0x98 C:/msys64/opt/wonderful/thirdparty/blocksds/core/libs/libnds/lib\libnds9.a(console.c.o)
                0x020092ac                consoleArm7Flush
 .text.chdir    0x02009344      0x110 C:/msys64/opt/wonderful/thirdparty/blocksds/core/libs/libnds/lib\libnds9.a(chdir.c.o)
                0x02009344                chdir
 .text.build_argv
                0x02009454       0x58 C:/msys64/opt/wonderful/thirdparty/blocksds/core/libs/libnds/lib\libnds9.a(crt0_argv.c.o)
                0x02009454                build_argv
 .text.fatfs_error_to_posix
                0x020094ac       0x24 C:/msys64/opt/wonderful/thirdparty/blocksds/core/libs/libnds/lib\libnds9.a(fatfs.c.o)
                0x020094ac                fatfs_error_to_posix
 .text.fatfs_timestamp_to_fattime
                0x020094d0       0x2c C:/msys64/opt/wonderful/thirdparty/blocksds/core/libs/libnds/lib\libnds9.a(fatfs.c.o)
                0x020094d0                fatfs_timestamp_to_fattime
 .text.get_dirname
                0x020094fc       0x98 C:/msys64/opt/wonderful/thirdparty/blocksds/core/libs/libnds/lib\libnds9.a(fatfs.c.o)
                0x020094fc                get_dirname
 .text.fatGetDefaultCwd
                0x02009594       0x70 C:/msys64/opt/wonderful/thirdparty/blocksds/core/libs/libnds/lib\libnds9.a(fatfs.c.o)
                0x02009594                fatGetDefaultCwd
 .text.fatInit.part.0
                0x02009604      0x108 C:/msys64/opt/wonderful/thirdparty/blocksds/core/libs/libnds/lib\libnds9.a(fatfs.c.o)
 .text.fatInitDefault
                0x0200970c       0x24 C:/msys64/opt/wonderful/thirdparty/blocksds/core/libs/libnds/lib\libnds9.a(fatfs.c.o)
                0x0200970c                fatInitDefault
 .text.fatInitLookupCache
                0x02009730       0x5c C:/msys64/opt/wonderful/thirdparty/blocksds/core/libs/libnds/lib\libnds9.a(fatfs.c.o)
                0x02009730                fatInitLookupCache
 .text.open     0x0200978c       0xf0 C:/msys64/opt/wonderful/thirdparty/blocksds/core/libs/libnds/lib\libnds9.a(filesystem.c.o)
                0x0200978c                open
 .text.read     0x0200987c       0x44 C:/msys64/opt/wonderful/thirdparty/blocksds/core/libs/libnds/lib\libnds9.a(filesystem.c.o)
                0x0200987c                read
 .text.write    0x020098c0       0x54 C:/msys64/opt/wonderful/thirdparty/blocksds/core/libs/libnds/lib\libnds9.a(filesystem.c.o)
                0x020098c0                write
 .text.close    0x02009914       0x50 C:/msys64/opt/wonderful/thirdparty/blocksds/core/libs/libnds/lib\libnds9.a(filesystem.c.o)
                0x02009914                close
 .text.lseek    0x02009964       0x70 C:/msys64/opt/wonderful/thirdparty/blocksds/core/libs/libnds/lib\libnds9.a(filesystem.c.o)
                0x02009964                lseek
 .text.access   0x020099d4       0x80 C:/msys64/opt/wonderful/thirdparty/blocksds/core/libs/libnds/lib\libnds9.a(filesystem.c.o)
                0x020099d4                access
 .text.putc_buffered
                0x02009a54       0x98 C:/msys64/opt/wonderful/thirdparty/blocksds/core/libs/libnds/lib\libnds9.a(iob.c.o)
 .text.stderr_putc_buffered
                0x02009aec       0x20 C:/msys64/opt/wonderful/thirdparty/blocksds/core/libs/libnds/lib\libnds9.a(iob.c.o)
 .text.stdin_getc_keyboard
                0x02009b0c       0xf8 C:/msys64/opt/wonderful/thirdparty/blocksds/core/libs/libnds/lib\libnds9.a(iob.c.o)
 .text.stdout_putc_buffered
                0x02009c04       0x40 C:/msys64/opt/wonderful/thirdparty/blocksds/core/libs/libnds/lib\libnds9.a(iob.c.o)
 .text.nitrofs_read_internal
                0x02009c44       0xf8 C:/msys64/opt/wonderful/thirdparty/blocksds/core/libs/libnds/lib\libnds9.a(nitrofs.c.o)
 .text.nitrofs_dir_state_init
                0x02009d3c       0xa8 C:/msys64/opt/wonderful/thirdparty/blocksds/core/libs/libnds/lib\libnds9.a(nitrofs.c.o)
 .text.nitrofs_dir_state_next
                0x02009de4       0xc0 C:/msys64/opt/wonderful/thirdparty/blocksds/core/libs/libnds/lib\libnds9.a(nitrofs.c.o)
 .text.nitrofs_dir_step
                0x02009ea4      0x100 C:/msys64/opt/wonderful/thirdparty/blocksds/core/libs/libnds/lib\libnds9.a(nitrofs.c.o)
 .text.nitrofs_use_for_path
                0x02009fa4       0x30 C:/msys64/opt/wonderful/thirdparty/blocksds/core/libs/libnds/lib\libnds9.a(nitrofs.c.o)
                0x02009fa4                nitrofs_use_for_path
 .text.nitrofs_path_resolve
                0x02009fd4       0x68 C:/msys64/opt/wonderful/thirdparty/blocksds/core/libs/libnds/lib\libnds9.a(nitrofs.c.o)
                0x02009fd4                nitrofs_path_resolve
 .text.nitrofs_chdir
                0x0200a03c       0x24 C:/msys64/opt/wonderful/thirdparty/blocksds/core/libs/libnds/lib\libnds9.a(nitrofs.c.o)
                0x0200a03c                nitrofs_chdir
 .text.nitrofs_read
                0x0200a060       0x30 C:/msys64/opt/wonderful/thirdparty/blocksds/core/libs/libnds/lib\libnds9.a(nitrofs.c.o)
                0x0200a060                nitrofs_read
 .text.nitrofs_lseek
                0x0200a090       0x54 C:/msys64/opt/wonderful/thirdparty/blocksds/core/libs/libnds/lib\libnds9.a(nitrofs.c.o)
                0x0200a090                nitrofs_lseek
 .text.nitrofs_close
                0x0200a0e4       0x10 C:/msys64/opt/wonderful/thirdparty/blocksds/core/libs/libnds/lib\libnds9.a(nitrofs.c.o)
                0x0200a0e4                nitrofs_close
 .text.nitroFSOpenById
                0x0200a0f4       0x6c C:/msys64/opt/wonderful/thirdparty/blocksds/core/libs/libnds/lib\libnds9.a(nitrofs.c.o)
                0x0200a0f4                nitroFSOpenById
 .text.nitrofs_open
                0x0200a160       0x4c C:/msys64/opt/wonderful/thirdparty/blocksds/core/libs/libnds/lib\libnds9.a(nitrofs.c.o)
                0x0200a160                nitrofs_open
 .text.nitroFSInit
                0x0200a1ac      0x1b8 C:/msys64/opt/wonderful/thirdparty/blocksds/core/libs/libnds/lib\libnds9.a(nitrofs.c.o)
                0x0200a1ac                nitroFSInit
 .text.cardReadArm7
                0x0200a364       0x80 C:/msys64/opt/wonderful/thirdparty/blocksds/core/libs/libnds/lib\libnds9.a(card.c.o)
                0x0200a364                cardReadArm7
 .text.dldi_arm7_read_sectors
                0x0200a3e4       0x70 C:/msys64/opt/wonderful/thirdparty/blocksds/core/libs/libnds/lib\libnds9.a(dldi.c.o)
 .text.dldi_arm7_shutdown
                0x0200a454       0x3c C:/msys64/opt/wonderful/thirdparty/blocksds/core/libs/libnds/lib\libnds9.a(dldi.c.o)
 .text.dldi_arm7_clear_status
                0x0200a490       0x3c C:/msys64/opt/wonderful/thirdparty/blocksds/core/libs/libnds/lib\libnds9.a(dldi.c.o)
 .text.dldi_arm7_is_inserted
                0x0200a4cc       0x3c C:/msys64/opt/wonderful/thirdparty/blocksds/core/libs/libnds/lib\libnds9.a(dldi.c.o)
 .text.dldi_arm7_startup
                0x0200a508       0x50 C:/msys64/opt/wonderful/thirdparty/blocksds/core/libs/libnds/lib\libnds9.a(dldi.c.o)
 .text.dldi_arm7_write_sectors
                0x0200a558       0x70 C:/msys64/opt/wonderful/thirdparty/blocksds/core/libs/libnds/lib\libnds9.a(dldi.c.o)
 .text.dldiGetMode
                0x0200a5c8        0xc C:/msys64/opt/wonderful/thirdparty/blocksds/core/libs/libnds/lib\libnds9.a(dldi.c.o)
                0x0200a5c8                dldiGetMode
 .text.dldiGetInternal
                0x0200a5d4       0xac C:/msys64/opt/wonderful/thirdparty/blocksds/core/libs/libnds/lib\libnds9.a(dldi.c.o)
                0x0200a5d4                dldiGetInternal
 .text.dldiGetStubDataEnd
                0x0200a680       0x1c C:/msys64/opt/wonderful/thirdparty/blocksds/core/libs/libnds/lib\libnds9.a(dldi.c.o)
                0x0200a680                dldiGetStubDataEnd
 .text.dldiGetStubEnd
                0x0200a69c        0x8 C:/msys64/opt/wonderful/thirdparty/blocksds/core/libs/libnds/lib\libnds9.a(dldi.c.o)
                0x0200a69c                dldiGetStubEnd
 .text.initSystem
                0x0200a6a4      0x184 C:/msys64/opt/wonderful/thirdparty/blocksds/core/libs/libnds/lib\libnds9.a(initSystem.c.o)
                0x0200a6a4                initSystem
 .text.scanKeys
                0x0200a828       0xc0 C:/msys64/opt/wonderful/thirdparty/blocksds/core/libs/libnds/lib\libnds9.a(keys.c.o)
                0x0200a828                scanKeys
 .text.keysHeld
                0x0200a8e8        0xc C:/msys64/opt/wonderful/thirdparty/blocksds/core/libs/libnds/lib\libnds9.a(keys.c.o)
                0x0200a8e8                keysHeld
 .text.keysDown
                0x0200a8f4       0x14 C:/msys64/opt/wonderful/thirdparty/blocksds/core/libs/libnds/lib\libnds9.a(keys.c.o)
                0x0200a8f4                keysDown
 .text.keysCurrent
                0x0200a908       0x48 C:/msys64/opt/wonderful/thirdparty/blocksds/core/libs/libnds/lib\libnds9.a(keys.c.o)
                0x0200a908                keysCurrent
 .text.touchRead
                0x0200a950       0x24 C:/msys64/opt/wonderful/thirdparty/blocksds/core/libs/libnds/lib\libnds9.a(keys.c.o)
                0x0200a950                touchRead
 .text.setTransferInputData
                0x0200a974       0x20 C:/msys64/opt/wonderful/thirdparty/blocksds/core/libs/libnds/lib\libnds9.a(keys.c.o)
                0x0200a974                setTransferInputData
 .text.systemValueHandler
                0x0200a994       0xc8 C:/msys64/opt/wonderful/thirdparty/blocksds/core/libs/libnds/lib\libnds9.a(system.c.o)
                0x0200a994                systemValueHandler
 .text.systemMsgHandler
                0x0200aa5c       0x2c C:/msys64/opt/wonderful/thirdparty/blocksds/core/libs/libnds/lib\libnds9.a(system.c.o)
                0x0200aa5c                systemMsgHandler
 .text.powerOn  0x0200aa88       0x2c C:/msys64/opt/wonderful/thirdparty/blocksds/core/libs/libnds/lib\libnds9.a(system.c.o)
                0x0200aa88                powerOn
 .text.memBufferIsInMainRam
                0x0200aab4       0x1c C:/msys64/opt/wonderful/thirdparty/blocksds/core/libs/libnds/lib\libnds9.a(system.c.o)
                0x0200aab4                memBufferIsInMainRam
 .text.checkIfText
                0x0200aad0       0x6c C:/msys64/opt/wonderful/thirdparty/blocksds/core/libs/libnds/lib\libnds9.a(background.c.o)
                0x0200aad0                checkIfText
 .text.bgUpdate
                0x0200ab3c       0xf4 C:/msys64/opt/wonderful/thirdparty/blocksds/core/libs/libnds/lib\libnds9.a(background.c.o)
                0x0200ab3c                bgUpdate
 .text.bgInit_call
                0x0200ac30       0xb0 C:/msys64/opt/wonderful/thirdparty/blocksds/core/libs/libnds/lib\libnds9.a(background.c.o)
                0x0200ac30                bgInit_call
 .text.bgInitSub_call
                0x0200ace0       0xb8 C:/msys64/opt/wonderful/thirdparty/blocksds/core/libs/libnds/lib\libnds9.a(background.c.o)
                0x0200ace0                bgInitSub_call
 .text.oamInit  0x0200ad98      0x100 C:/msys64/opt/wonderful/thirdparty/blocksds/core/libs/libnds/lib\libnds9.a(sprite.c.o)
                0x0200ad98                oamInit
 .text.oamGfxPtrToOffset
                0x0200ae98       0x34 C:/msys64/opt/wonderful/thirdparty/blocksds/core/libs/libnds/lib\libnds9.a(sprite.c.o)
                0x0200ae98                oamGfxPtrToOffset
 .text.oamSet   0x0200aecc      0x114 C:/msys64/opt/wonderful/thirdparty/blocksds/core/libs/libnds/lib\libnds9.a(sprite.c.o)
                0x0200aecc                oamSet
 .text.oamUpdate
                0x0200afe0       0x50 C:/msys64/opt/wonderful/thirdparty/blocksds/core/libs/libnds/lib\libnds9.a(sprite.c.o)
                0x0200afe0                oamUpdate
 .text.oamAllocReset
                0x0200b030       0x1c C:/msys64/opt/wonderful/thirdparty/blocksds/core/libs/libnds/lib\libnds9.a(sprite_alloc.c.o)
                0x0200b030                oamAllocReset
 .text.setBrightness
                0x0200b04c       0x40 C:/msys64/opt/wonderful/thirdparty/blocksds/core/libs/libnds/lib\libnds9.a(video.c.o)
                0x0200b04c                setBrightness
 .text.vramDefault
                0x0200b08c       0xe4 C:/msys64/opt/wonderful/thirdparty/blocksds/core/libs/libnds/lib\libnds9.a(video.c.o)
                0x0200b08c                vramDefault
 .text.cardPolledTransfer
                0x0200b170       0x54 C:/msys64/opt/wonderful/thirdparty/blocksds/core/libs/libnds/lib\libnds9.a(card.c.o)
                0x0200b170                cardPolledTransfer
 .text.cardRead
                0x0200b1c4      0x19c C:/msys64/opt/wonderful/thirdparty/blocksds/core/libs/libnds/lib\libnds9.a(card.c.o)
                0x0200b1c4                cardRead
 .text.cothread_delete_internal
                0x0200b360       0x3c C:/msys64/opt/wonderful/thirdparty/blocksds/core/libs/libnds/lib\libnds9.a(threads.c.o)
 .text.cothread_main
                0x0200b39c       0x10 C:/msys64/opt/wonderful/thirdparty/blocksds/core/libs/libnds/lib\libnds9.a(threads.c.o)
                0x0200b39c                cothread_main
 .text.init_tls
                0x0200b3ac       0x28 C:/msys64/opt/wonderful/thirdparty/blocksds/core/libs/libnds/lib\libnds9.a(threads.c.o)
                0x0200b3ac                init_tls
 .text.cothread_yield
                0x0200b3d4       0x14 C:/msys64/opt/wonderful/thirdparty/blocksds/core/libs/libnds/lib\libnds9.a(threads.c.o)
                0x0200b3d4                cothread_yield
 .text.cothread_yield_irq
                0x0200b3e8       0x18 C:/msys64/opt/wonderful/thirdparty/blocksds/core/libs/libnds/lib\libnds9.a(threads.c.o)
                0x0200b3e8                cothread_yield_irq
 .text.cothread_start
                0x0200b400      0x108 C:/msys64/opt/wonderful/thirdparty/blocksds/core/libs/libnds/lib\libnds9.a(threads.c.o)
                0x0200b400                cothread_start
 .text.fifo_buffer_enqueue_block
                0x0200b508       0x3c C:/msys64/opt/wonderful/thirdparty/blocksds/core/libs/libnds/lib\libnds9.a(fifosystem.c.o)
 .text.fifo_buffer_wait_block
                0x0200b544       0x7c C:/msys64/opt/wonderful/thirdparty/blocksds/core/libs/libnds/lib\libnds9.a(fifosystem.c.o)
 .text.fifoInternalSend.part.0
                0x0200b5c0       0xc4 C:/msys64/opt/wonderful/thirdparty/blocksds/core/libs/libnds/lib\libnds9.a(fifosystem.c.o)
 .text.fifoInternalSendInterrupt
                0x0200b684       0xb0 C:/msys64/opt/wonderful/thirdparty/blocksds/core/libs/libnds/lib\libnds9.a(fifosystem.c.o)
 .text.fifoSetValue32Handler
                0x0200b734       0xd4 C:/msys64/opt/wonderful/thirdparty/blocksds/core/libs/libnds/lib\libnds9.a(fifosystem.c.o)
                0x0200b734                fifoSetValue32Handler
 .text.fifoSendValue32
                0x0200b808       0x54 C:/msys64/opt/wonderful/thirdparty/blocksds/core/libs/libnds/lib\libnds9.a(fifosystem.c.o)
                0x0200b808                fifoSendValue32
 .text.fifoSendDatamsg
                0x0200b85c       0x98 C:/msys64/opt/wonderful/thirdparty/blocksds/core/libs/libnds/lib\libnds9.a(fifosystem.c.o)
                0x0200b85c                fifoSendDatamsg
 .text.fifoGetValue32
                0x0200b8f4       0x70 C:/msys64/opt/wonderful/thirdparty/blocksds/core/libs/libnds/lib\libnds9.a(fifosystem.c.o)
                0x0200b8f4                fifoGetValue32
 .text.fifoGetDatamsg
                0x0200b964       0xe8 C:/msys64/opt/wonderful/thirdparty/blocksds/core/libs/libnds/lib\libnds9.a(fifosystem.c.o)
                0x0200b964                fifoGetDatamsg
 .text.fifoInternalRecvInterrupt
                0x0200ba4c      0x30c C:/msys64/opt/wonderful/thirdparty/blocksds/core/libs/libnds/lib\libnds9.a(fifosystem.c.o)
 .text.fifoSetDatamsgHandler
                0x0200bd58       0x9c C:/msys64/opt/wonderful/thirdparty/blocksds/core/libs/libnds/lib\libnds9.a(fifosystem.c.o)
                0x0200bd58                fifoSetDatamsgHandler
 .text.fifoCheckValue32
                0x0200bdf4       0x24 C:/msys64/opt/wonderful/thirdparty/blocksds/core/libs/libnds/lib\libnds9.a(fifosystem.c.o)
                0x0200bdf4                fifoCheckValue32
 .text.fifoInit
                0x0200be18      0x114 C:/msys64/opt/wonderful/thirdparty/blocksds/core/libs/libnds/lib\libnds9.a(fifosystem.c.o)
                0x0200be18                fifoInit
 .text.fifoMutexAcquire
                0x0200bf2c       0x30 C:/msys64/opt/wonderful/thirdparty/blocksds/core/libs/libnds/lib\libnds9.a(fifosystem.c.o)
                0x0200bf2c                fifoMutexAcquire
 .text.fifoMutexRelease
                0x0200bf5c       0x14 C:/msys64/opt/wonderful/thirdparty/blocksds/core/libs/libnds/lib\libnds9.a(fifosystem.c.o)
                0x0200bf5c                fifoMutexRelease
 .text.irqDummy
                0x0200bf70        0x4 C:/msys64/opt/wonderful/thirdparty/blocksds/core/libs/libnds/lib\libnds9.a(interrupts.c.o)
                0x0200bf70                irqDummy
 .text.irqSet   0x0200bf74       0x9c C:/msys64/opt/wonderful/thirdparty/blocksds/core/libs/libnds/lib\libnds9.a(interrupts.c.o)
                0x0200bf74                irqSet
 .text.irqInit  0x0200c010       0x4c C:/msys64/opt/wonderful/thirdparty/blocksds/core/libs/libnds/lib\libnds9.a(interrupts.c.o)
                0x0200c010                irqInit
 .text.irqEnable
                0x0200c05c       0x64 C:/msys64/opt/wonderful/thirdparty/blocksds/core/libs/libnds/lib\libnds9.a(interrupts.c.o)
                0x0200c05c                irqEnable
 .text.systemErrorExit
                0x0200c0c0        0x4 C:/msys64/opt/wonderful/thirdparty/blocksds/core/libs/libnds/lib\libnds9.a(exit.c.o)
                0x0200c0c0                systemErrorExit
 .text.__libnds_exit
                0x0200c0c4        0x8 C:/msys64/opt/wonderful/thirdparty/blocksds/core/libs/libnds/lib\libnds9.a(exit.c.o)
                0x0200c0c4                __libnds_exit
 .text._exit    0x0200c0cc       0x78 C:/msys64/opt/wonderful/thirdparty/blocksds/core/libs/libnds/lib\libnds9.a(exit.c.o)
                0x0200c0cc                _exit
 .text.__retarget_lock_acquire_recursive
                0x0200c144       0x40 C:/msys64/opt/wonderful/thirdparty/blocksds/core/libs/libnds/lib\libnds9.a(locks.c.o)
                0x0200c144                __retarget_lock_acquire_recursive
 .text.__retarget_lock_release_recursive
                0x0200c184       0x4c C:/msys64/opt/wonderful/thirdparty/blocksds/core/libs/libnds/lib\libnds9.a(locks.c.o)
                0x0200c184                __retarget_lock_release_recursive
 .text.__retarget_lock_init
                0x0200c1d0       0x40 C:/msys64/opt/wonderful/thirdparty/blocksds/core/libs/libnds/lib\libnds9.a(locks.c.o)
                0x0200c1d0                __retarget_lock_init
 .text.__retarget_lock_close
                0x0200c210       0x30 C:/msys64/opt/wonderful/thirdparty/blocksds/core/libs/libnds/lib\libnds9.a(locks.c.o)
                0x0200c210                __retarget_lock_close
 .text.__retarget_lock_acquire
                0x0200c240        0x8 C:/msys64/opt/wonderful/thirdparty/blocksds/core/libs/libnds/lib\libnds9.a(locks.c.o)
                0x0200c240                __retarget_lock_acquire
 .text.__retarget_lock_release
                0x0200c248       0x4c C:/msys64/opt/wonderful/thirdparty/blocksds/core/libs/libnds/lib\libnds9.a(locks.c.o)
                0x0200c248                __retarget_lock_release
 .text.sbrk     0x0200c294       0x44 C:/msys64/opt/wonderful/thirdparty/blocksds/core/libs/libnds/lib\libnds9.a(sbrk.c.o)
                0x0200c294                sbrk
 .text.__ndsabi_coro_make_noctx
                0x0200c2d8       0x24 C:/msys64/opt/wonderful/thirdparty/blocksds/core/libs/libnds/lib\libnds9.a(coroutine.c.o)
                0x0200c2d8                __ndsabi_coro_make_noctx
 .text.get_ldnumber
                0x0200c2fc       0xdc C:/msys64/opt/wonderful/thirdparty/blocksds/core/libs/libnds/lib\libnds9.a(ff.c.o)
 .text.put_utf  0x0200c3d8       0xf4 C:/msys64/opt/wonderful/thirdparty/blocksds/core/libs/libnds/lib\libnds9.a(ff.c.o)
 .text.get_fileinfo
                0x0200c4cc      0x190 C:/msys64/opt/wonderful/thirdparty/blocksds/core/libs/libnds/lib\libnds9.a(ff.c.o)
 .text.dir_clear
                0x0200c65c      0x10c C:/msys64/opt/wonderful/thirdparty/blocksds/core/libs/libnds/lib\libnds9.a(ff.c.o)
 .text.unlock_volume.part.0.isra.0
                0x0200c768        0x8 C:/msys64/opt/wonderful/thirdparty/blocksds/core/libs/libnds/lib\libnds9.a(ff.c.o)
 .text.sync_fs  0x0200c770       0xb0 C:/msys64/opt/wonderful/thirdparty/blocksds/core/libs/libnds/lib\libnds9.a(ff.c.o)
 .text.move_window
                0x0200c820       0x6c C:/msys64/opt/wonderful/thirdparty/blocksds/core/libs/libnds/lib\libnds9.a(ff.c.o)
 .text.put_fat.part.0
                0x0200c88c      0x118 C:/msys64/opt/wonderful/thirdparty/blocksds/core/libs/libnds/lib\libnds9.a(ff.c.o)
 .text.get_fat.isra.0
                0x0200c9a4       0xbc C:/msys64/opt/wonderful/thirdparty/blocksds/core/libs/libnds/lib\libnds9.a(ff.c.o)
 .text.remove_chain
                0x0200ca60       0x90 C:/msys64/opt/wonderful/thirdparty/blocksds/core/libs/libnds/lib\libnds9.a(ff.c.o)
 .text.create_chain
                0x0200caf0      0x124 C:/msys64/opt/wonderful/thirdparty/blocksds/core/libs/libnds/lib\libnds9.a(ff.c.o)
 .text.dir_next
                0x0200cc14       0xd4 C:/msys64/opt/wonderful/thirdparty/blocksds/core/libs/libnds/lib\libnds9.a(ff.c.o)
 .text.dir_sdi  0x0200cce8       0x9c C:/msys64/opt/wonderful/thirdparty/blocksds/core/libs/libnds/lib\libnds9.a(ff.c.o)
 .text.dir_find
                0x0200cd84      0x1e8 C:/msys64/opt/wonderful/thirdparty/blocksds/core/libs/libnds/lib\libnds9.a(ff.c.o)
 .text.follow_path
                0x0200cf6c      0x4f4 C:/msys64/opt/wonderful/thirdparty/blocksds/core/libs/libnds/lib\libnds9.a(ff.c.o)
 .text.dir_register
                0x0200d460      0x31c C:/msys64/opt/wonderful/thirdparty/blocksds/core/libs/libnds/lib\libnds9.a(ff.c.o)
 .text.validate
                0x0200d77c       0x58 C:/msys64/opt/wonderful/thirdparty/blocksds/core/libs/libnds/lib\libnds9.a(ff.c.o)
 .text.check_fs
                0x0200d7d4      0x154 C:/msys64/opt/wonderful/thirdparty/blocksds/core/libs/libnds/lib\libnds9.a(ff.c.o)
 .text.mount_volume
                0x0200d928      0x348 C:/msys64/opt/wonderful/thirdparty/blocksds/core/libs/libnds/lib\libnds9.a(ff.c.o)
 .text.f_mount  0x0200dc70       0xa0 C:/msys64/opt/wonderful/thirdparty/blocksds/core/libs/libnds/lib\libnds9.a(ff.c.o)
                0x0200dc70                f_mount
 .text.f_open   0x0200dd10      0x2cc C:/msys64/opt/wonderful/thirdparty/blocksds/core/libs/libnds/lib\libnds9.a(ff.c.o)
                0x0200dd10                f_open
 .text.f_read   0x0200dfdc      0x2c0 C:/msys64/opt/wonderful/thirdparty/blocksds/core/libs/libnds/lib\libnds9.a(ff.c.o)
                0x0200dfdc                f_read
 .text.f_write  0x0200e29c      0x300 C:/msys64/opt/wonderful/thirdparty/blocksds/core/libs/libnds/lib\libnds9.a(ff.c.o)
                0x0200e29c                f_write
 .text.f_sync   0x0200e59c       0xe0 C:/msys64/opt/wonderful/thirdparty/blocksds/core/libs/libnds/lib\libnds9.a(ff.c.o)
                0x0200e59c                f_sync
 .text.f_close  0x0200e67c       0x30 C:/msys64/opt/wonderful/thirdparty/blocksds/core/libs/libnds/lib\libnds9.a(ff.c.o)
                0x0200e67c                f_close
 .text.f_chdrive
                0x0200e6ac       0x24 C:/msys64/opt/wonderful/thirdparty/blocksds/core/libs/libnds/lib\libnds9.a(ff.c.o)
                0x0200e6ac                f_chdrive
 .text.f_chdir  0x0200e6d0       0xb4 C:/msys64/opt/wonderful/thirdparty/blocksds/core/libs/libnds/lib\libnds9.a(ff.c.o)
                0x0200e6d0                f_chdir
 .text.f_lseek  0x0200e784      0x348 C:/msys64/opt/wonderful/thirdparty/blocksds/core/libs/libnds/lib\libnds9.a(ff.c.o)
                0x0200e784                f_lseek
 .text.f_stat   0x0200eacc       0xec C:/msys64/opt/wonderful/thirdparty/blocksds/core/libs/libnds/lib\libnds9.a(ff.c.o)
                0x0200eacc                f_stat
 .text.ff_uni2oem
                0x0200ebb8       0x44 C:/msys64/opt/wonderful/thirdparty/blocksds/core/libs/libnds/lib\libnds9.a(ffunicode.c.o)
                0x0200ebb8                ff_uni2oem
 .text.ff_oem2uni
                0x0200ebfc       0x2c C:/msys64/opt/wonderful/thirdparty/blocksds/core/libs/libnds/lib\libnds9.a(ffunicode.c.o)
                0x0200ebfc                ff_oem2uni
 .text.ff_wtoupper
                0x0200ec28       0xcc C:/msys64/opt/wonderful/thirdparty/blocksds/core/libs/libnds/lib\libnds9.a(ffunicode.c.o)
                0x0200ec28                ff_wtoupper
 .text.CP15_FlushICache
                0x0200ecf4        0xc C:/msys64/opt/wonderful/thirdparty/blocksds/core/libs/libnds/lib\libnds9.a(cp15.s.o)
                0x0200ecf4                CP15_FlushICache
 .text.CP15_FlushDCache
                0x0200ed00        0xc C:/msys64/opt/wonderful/thirdparty/blocksds/core/libs/libnds/lib\libnds9.a(cp15.s.o)
                0x0200ed00                CP15_FlushDCache
 .text.CP15_WaitForInterrupt
                0x0200ed0c        0xc C:/msys64/opt/wonderful/thirdparty/blocksds/core/libs/libnds/lib\libnds9.a(cp15.s.o)
                0x0200ed0c                CP15_WaitForInterrupt
 .text.CP15_CleanAndFlushDCache
                0x0200ed18       0x34 C:/msys64/opt/wonderful/thirdparty/blocksds/core/libs/libnds/lib\libnds9.a(cp15.s.o)
                0x0200ed18                CP15_CleanAndFlushDCache
 .text.__aeabi_read_tp
                0x0200ed4c        0xc C:/msys64/opt/wonderful/thirdparty/blocksds/core/libs/libnds/lib\libnds9.a(aeabi_read_tp.s.o)
                0x0200ed4c                __aeabi_read_tp
 .text.__ndsabi_coro_resume
                0x0200ed58       0x18 C:/msys64/opt/wonderful/thirdparty/blocksds/core/libs/libnds/lib\libnds9.a(coroutine.s.o)
                0x0200ed58                __ndsabi_coro_resume
 .text.__ndsabi_coro_yield
                0x0200ed70       0x1c C:/msys64/opt/wonderful/thirdparty/blocksds/core/libs/libnds/lib\libnds9.a(coroutine.s.o)
                0x0200ed70                __ndsabi_coro_yield
 .text.__ndsabi_coro_pop_noctx
                0x0200ed8c       0x34 C:/msys64/opt/wonderful/thirdparty/blocksds/core/libs/libnds/lib\libnds9.a(coroutine.s.o)
                0x0200ed8c                __ndsabi_coro_pop_noctx
 .text.keyboardShiftState.part.0
                0x0200edc0       0x7c C:/msys64/opt/wonderful/thirdparty/blocksds/core/libs/libnds/lib\libnds9.a(keyboard.c.o)
 .text.swapKeyGfx.part.0
                0x0200ee3c      0x164 C:/msys64/opt/wonderful/thirdparty/blocksds/core/libs/libnds/lib\libnds9.a(keyboard.c.o)
 .text.keyboardGetKey
                0x0200efa0       0x64 C:/msys64/opt/wonderful/thirdparty/blocksds/core/libs/libnds/lib\libnds9.a(keyboard.c.o)
                0x0200efa0                keyboardGetKey
 .text.keyboardUpdate
                0x0200f004      0x120 C:/msys64/opt/wonderful/thirdparty/blocksds/core/libs/libnds/lib\libnds9.a(keyboard.c.o)
                0x0200f004                keyboardUpdate
 .text.keyboardShow
                0x0200f124      0x144 C:/msys64/opt/wonderful/thirdparty/blocksds/core/libs/libnds/lib\libnds9.a(keyboard.c.o)
                0x0200f124                keyboardShow
 .text.keyboardHide
                0x0200f268       0x90 C:/msys64/opt/wonderful/thirdparty/blocksds/core/libs/libnds/lib\libnds9.a(keyboard.c.o)
                0x0200f268                keyboardHide
 .text.cache_initialized
                0x0200f2f8       0x10 C:/msys64/opt/wonderful/thirdparty/blocksds/core/libs/libnds/lib\libnds9.a(cache.c.o)
                0x0200f2f8                cache_initialized
 .text.cache_init
                0x0200f308       0x9c C:/msys64/opt/wonderful/thirdparty/blocksds/core/libs/libnds/lib\libnds9.a(cache.c.o)
                0x0200f308                cache_init
 .text.cache_sector_get
                0x0200f3a4       0x70 C:/msys64/opt/wonderful/thirdparty/blocksds/core/libs/libnds/lib\libnds9.a(cache.c.o)
                0x0200f3a4                cache_sector_get
 .text.cache_sector_add
                0x0200f414       0xbc C:/msys64/opt/wonderful/thirdparty/blocksds/core/libs/libnds/lib\libnds9.a(cache.c.o)
                0x0200f414                cache_sector_add
 .text.cache_sector_invalidate
                0x0200f4d0       0x44 C:/msys64/opt/wonderful/thirdparty/blocksds/core/libs/libnds/lib\libnds9.a(cache.c.o)
                0x0200f4d0                cache_sector_invalidate
 .text.disk_status
                0x0200f514       0x28 C:/msys64/opt/wonderful/thirdparty/blocksds/core/libs/libnds/lib\libnds9.a(diskio.c.o)
                0x0200f514                disk_status
 .text.disk_initialize
                0x0200f53c       0x50 C:/msys64/opt/wonderful/thirdparty/blocksds/core/libs/libnds/lib\libnds9.a(diskio.c.o)
                0x0200f53c                disk_initialize
 .text.disk_read
                0x0200f58c      0x118 C:/msys64/opt/wonderful/thirdparty/blocksds/core/libs/libnds/lib\libnds9.a(diskio.c.o)
                0x0200f58c                disk_read
 .text.disk_write
                0x0200f6a4       0xbc C:/msys64/opt/wonderful/thirdparty/blocksds/core/libs/libnds/lib\libnds9.a(diskio.c.o)
                0x0200f6a4                disk_write
 .text.disk_ioctl
                0x0200f760       0x2c C:/msys64/opt/wonderful/thirdparty/blocksds/core/libs/libnds/lib\libnds9.a(diskio.c.o)
                0x0200f760                disk_ioctl
 .text.get_fattime
                0x0200f78c       0x1c C:/msys64/opt/wonderful/thirdparty/blocksds/core/libs/libnds/lib\libnds9.a(diskio.c.o)
                0x0200f78c                get_fattime
 .text.ff_mutex_create
                0x0200f7a8       0x10 C:/msys64/opt/wonderful/thirdparty/blocksds/core/libs/libnds/lib\libnds9.a(ffsystem.c.o)
                0x0200f7a8                ff_mutex_create
 .text.ff_mutex_delete
                0x0200f7b8        0x4 C:/msys64/opt/wonderful/thirdparty/blocksds/core/libs/libnds/lib\libnds9.a(ffsystem.c.o)
                0x0200f7b8                ff_mutex_delete
 .text.ff_mutex_take
                0x0200f7bc       0x1c C:/msys64/opt/wonderful/thirdparty/blocksds/core/libs/libnds/lib\libnds9.a(ffsystem.c.o)
                0x0200f7bc                ff_mutex_take
 .text.ff_mutex_give
                0x0200f7d8       0x10 C:/msys64/opt/wonderful/thirdparty/blocksds/core/libs/libnds/lib\libnds9.a(ffsystem.c.o)
                0x0200f7d8                ff_mutex_give
 .text.__sassert
                0x0200f7e8       0x94 C:/msys64/opt/wonderful/thirdparty/blocksds/core/libs/libnds/lib\libnds9.a(sassert.c.o)
                0x0200f7e8                __sassert
 .text.releaseCrashHandler
                0x0200f87c       0x78 C:/msys64/opt/wonderful/thirdparty/blocksds/core/libs/libnds/lib\libnds9.a(exceptions.c.o)
 .text.exceptionStatePrint
                0x0200f8f4       0xec C:/msys64/opt/wonderful/thirdparty/blocksds/core/libs/libnds/lib\libnds9.a(exceptions.c.o)
                0x0200f8f4                exceptionStatePrint
 .text.releaseExceptionHandler
                0x0200f9e0       0x10 C:/msys64/opt/wonderful/thirdparty/blocksds/core/libs/libnds/lib\libnds9.a(exceptions.c.o)
                0x0200f9e0                releaseExceptionHandler
 .text.sinLutLookup
                0x0200f9f0       0x4c C:/msys64/opt/wonderful/thirdparty/blocksds/core/libs/libnds/lib\libnds9.a(trig.c.o)
                0x0200f9f0                sinLutLookup
 .text.sinLerp  0x0200fa3c       0x38 C:/msys64/opt/wonderful/thirdparty/blocksds/core/libs/libnds/lib\libnds9.a(trig.c.o)
                0x0200fa3c                sinLerp
 .text.cosLerp  0x0200fa74       0x48 C:/msys64/opt/wonderful/thirdparty/blocksds/core/libs/libnds/lib\libnds9.a(trig.c.o)
                0x0200fa74                cosLerp
 .text.setExceptionHandler
                0x0200fabc       0x18 C:/msys64/opt/wonderful/thirdparty/blocksds/core/libs/libnds/lib\libnds9.a(exceptions.c.o)
                0x0200fabc                setExceptionHandler
 .text.libndsCrash
                0x0200fad4        0xc C:/msys64/opt/wonderful/thirdparty/blocksds/core/libs/libnds/lib\libnds9.a(exceptions.c.o)
                0x0200fad4                libndsCrash
 .text.getCPSR  0x0200fae0        0x8 C:/msys64/opt/wonderful/thirdparty/blocksds/core/libs/libnds/lib\libnds9.a(cpu.s.o)
                0x0200fae0                getCPSR
 .text.enterException
                0x0200fae8       0xd4 C:/msys64/opt/wonderful/thirdparty/blocksds/core/libs/libnds/lib\libnds9.a(exceptionHandler.s.o)
                0x0200fae8                enterException
                0x0200fb5c                exceptionC
                0x0200fb60                exceptionStack
                0x0200fb64                exceptionRegisters
 .text.calloc   0x0200fbbc       0xb4 C:/msys64/opt/wonderful/toolchain/gcc-arm-none-eabi/lib/gcc/arm-none-eabi/14.2.0/../../../../arm-none-eabi/lib/thumb/arm946e-s\libc.a(malloc-calloc.c.o)
                0x0200fbbc                calloc
 .text.malloc_trim
                0x0200fc70       0x9c C:/msys64/opt/wonderful/toolchain/gcc-arm-none-eabi/lib/gcc/arm-none-eabi/14.2.0/../../../../arm-none-eabi/lib/thumb/arm946e-s\libc.a(malloc-free.c.o)
                0x0200fc70                malloc_trim
 .text.free     0x0200fd0c      0x164 C:/msys64/opt/wonderful/toolchain/gcc-arm-none-eabi/lib/gcc/arm-none-eabi/14.2.0/../../../../arm-none-eabi/lib/thumb/arm946e-s\libc.a(malloc-free.c.o)
                0x0200fd0c                free
                0x0200fd0c                __malloc_free
 .text.malloc   0x0200fe70      0x434 C:/msys64/opt/wonderful/toolchain/gcc-arm-none-eabi/lib/gcc/arm-none-eabi/14.2.0/../../../../arm-none-eabi/lib/thumb/arm946e-s\libc.a(malloc-malloc.c.o)
                0x0200fe70                malloc
 .text.realloc  0x020102a4      0x364 C:/msys64/opt/wonderful/toolchain/gcc-arm-none-eabi/lib/gcc/arm-none-eabi/14.2.0/../../../../arm-none-eabi/lib/thumb/arm946e-s\libc.a(malloc-realloc.c.o)
                0x020102a4                realloc
 .text.__libc_init_array
                0x02010608       0x54 C:/msys64/opt/wonderful/toolchain/gcc-arm-none-eabi/lib/gcc/arm-none-eabi/14.2.0/../../../../arm-none-eabi/lib/thumb/arm946e-s\libc.a(libc_misc_init.c.o)
                0x02010608                __libc_init_array
 .text.rand     0x0201065c        0x8 C:/msys64/opt/wonderful/toolchain/gcc-arm-none-eabi/lib/gcc/arm-none-eabi/14.2.0/../../../../arm-none-eabi/lib/thumb/arm946e-s\libc.a(libc_stdlib_rand.c.o)
                0x0201065c                rand
 .text.random   0x02010664       0x34 C:/msys64/opt/wonderful/toolchain/gcc-arm-none-eabi/lib/gcc/arm-none-eabi/14.2.0/../../../../arm-none-eabi/lib/thumb/arm946e-s\libc.a(libc_stdlib_random.c.o)
                0x02010664                random
 .text.exit     0x02010698       0x20 C:/msys64/opt/wonderful/toolchain/gcc-arm-none-eabi/lib/gcc/arm-none-eabi/14.2.0/../../../../arm-none-eabi/lib/thumb/arm946e-s\libc.a(libc_stdlib_pico-exit.c.o)
                0x02010698                exit
 .text.memcmp   0x020106b8       0x1c C:/msys64/opt/wonderful/toolchain/gcc-arm-none-eabi/lib/gcc/arm-none-eabi/14.2.0/../../../../arm-none-eabi/lib/thumb/arm946e-s\libc.a(libc_string_memcmp.c.o)
                0x020106b8                memcmp
 .text.strchr   0x020106d4       0x1e C:/msys64/opt/wonderful/toolchain/gcc-arm-none-eabi/lib/gcc/arm-none-eabi/14.2.0/../../../../arm-none-eabi/lib/thumb/arm946e-s\libc.a(libc_string_strchr.c.o)
                0x020106d4                strchr
 .text.strdup   0x020106f2       0x20 C:/msys64/opt/wonderful/toolchain/gcc-arm-none-eabi/lib/gcc/arm-none-eabi/14.2.0/../../../../arm-none-eabi/lib/thumb/arm946e-s\libc.a(libc_string_strdup.c.o)
                0x020106f2                strdup
 .text.strncmp  0x02010712       0x22 C:/msys64/opt/wonderful/toolchain/gcc-arm-none-eabi/lib/gcc/arm-none-eabi/14.2.0/../../../../arm-none-eabi/lib/thumb/arm946e-s\libc.a(libc_string_strncmp.c.o)
                0x02010712                strncmp
 .text.strstr   0x02010734       0x2c C:/msys64/opt/wonderful/toolchain/gcc-arm-none-eabi/lib/gcc/arm-none-eabi/14.2.0/../../../../arm-none-eabi/lib/thumb/arm946e-s\libc.a(libc_string_strstr.c.o)
                0x02010734                strstr
 .text.localtime
                0x02010760       0x18 C:/msys64/opt/wonderful/toolchain/gcc-arm-none-eabi/lib/gcc/arm-none-eabi/14.2.0/../../../../arm-none-eabi/lib/thumb/arm946e-s\libc.a(libc_time_lcltime.c.o)
                0x02010760                localtime
 .text.localtime_r
                0x02010778      0x1f8 C:/msys64/opt/wonderful/toolchain/gcc-arm-none-eabi/lib/gcc/arm-none-eabi/14.2.0/../../../../arm-none-eabi/lib/thumb/arm946e-s\libc.a(libc_time_lcltime_r.c.o)
                0x02010778                localtime_r
 .text.time     0x02010970       0x2a C:/msys64/opt/wonderful/toolchain/gcc-arm-none-eabi/lib/gcc/arm-none-eabi/14.2.0/../../../../arm-none-eabi/lib/thumb/arm946e-s\libc.a(libc_time_time.c.o)
                0x02010970                time
 *fill*         0x0201099a        0x2 ff
 .text.__tzcalc_limits
                0x0201099c      0x17c C:/msys64/opt/wonderful/toolchain/gcc-arm-none-eabi/lib/gcc/arm-none-eabi/14.2.0/../../../../arm-none-eabi/lib/thumb/arm946e-s\libc.a(libc_time_tzcalc_limits.c.o)
                0x0201099c                __tzcalc_limits
 .text._tzset_unlocked
                0x02010b18      0x3a0 C:/msys64/opt/wonderful/toolchain/gcc-arm-none-eabi/lib/gcc/arm-none-eabi/14.2.0/../../../../arm-none-eabi/lib/thumb/arm946e-s\libc.a(libc_time_tzset.c.o)
                0x02010b18                _tzset_unlocked
 .text.fclose   0x02010eb8       0x18 C:/msys64/opt/wonderful/toolchain/gcc-arm-none-eabi/lib/gcc/arm-none-eabi/14.2.0/../../../../arm-none-eabi/lib/thumb/arm946e-s\libc.a(libc_tinystdio_fclose.c.o)
                0x02010eb8                fclose
 .text.fflush   0x02010ed0       0x12 C:/msys64/opt/wonderful/toolchain/gcc-arm-none-eabi/lib/gcc/arm-none-eabi/14.2.0/../../../../arm-none-eabi/lib/thumb/arm946e-s\libc.a(libc_tinystdio_fflush.c.o)
                0x02010ed0                fflush
 .text.fileno   0x02010ee2       0x10 C:/msys64/opt/wonderful/toolchain/gcc-arm-none-eabi/lib/gcc/arm-none-eabi/14.2.0/../../../../arm-none-eabi/lib/thumb/arm946e-s\libc.a(libc_tinystdio_fileno.c.o)
                0x02010ee2                fileno
 *fill*         0x02010ef2        0x2 ff
 .text.fread    0x02010ef4      0x1a0 C:/msys64/opt/wonderful/toolchain/gcc-arm-none-eabi/lib/gcc/arm-none-eabi/14.2.0/../../../../arm-none-eabi/lib/thumb/arm946e-s\libc.a(libc_tinystdio_fread.c.o)
                0x02010ef4                fread
 .text.fseek    0x02011094       0x40 C:/msys64/opt/wonderful/toolchain/gcc-arm-none-eabi/lib/gcc/arm-none-eabi/14.2.0/../../../../arm-none-eabi/lib/thumb/arm946e-s\libc.a(libc_tinystdio_fseek.c.o)
                0x02011094                fseek
 .text.ftell    0x020110d4       0x3c C:/msys64/opt/wonderful/toolchain/gcc-arm-none-eabi/lib/gcc/arm-none-eabi/14.2.0/../../../../arm-none-eabi/lib/thumb/arm946e-s\libc.a(libc_tinystdio_ftell.c.o)
                0x020110d4                ftell
 .text.printf   0x02011110       0x20 C:/msys64/opt/wonderful/toolchain/gcc-arm-none-eabi/lib/gcc/arm-none-eabi/14.2.0/../../../../arm-none-eabi/lib/thumb/arm946e-s\libc.a(libc_tinystdio_printf.c.o)
                0x02011110                printf
 .text.putchar  0x02011130       0x10 C:/msys64/opt/wonderful/toolchain/gcc-arm-none-eabi/lib/gcc/arm-none-eabi/14.2.0/../../../../arm-none-eabi/lib/thumb/arm946e-s\libc.a(libc_tinystdio_putchar.c.o)
                0x02011130                putchar_unlocked
                0x02011130                putchar
 .text.puts     0x02011140       0x40 C:/msys64/opt/wonderful/toolchain/gcc-arm-none-eabi/lib/gcc/arm-none-eabi/14.2.0/../../../../arm-none-eabi/lib/thumb/arm946e-s\libc.a(libc_tinystdio_puts.c.o)
                0x02011140                puts
 .text.rewind   0x02011180       0x16 C:/msys64/opt/wonderful/toolchain/gcc-arm-none-eabi/lib/gcc/arm-none-eabi/14.2.0/../../../../arm-none-eabi/lib/thumb/arm946e-s\libc.a(libc_tinystdio_rewind.c.o)
                0x02011180                rewind
 .text.setvbuf  0x02011196       0x18 C:/msys64/opt/wonderful/toolchain/gcc-arm-none-eabi/lib/gcc/arm-none-eabi/14.2.0/../../../../arm-none-eabi/lib/thumb/arm946e-s\libc.a(libc_tinystdio_setvbuf.c.o)
                0x02011196                setvbuf
 *fill*         0x020111ae        0x2 ff
 .text.snprintf
                0x020111b0       0x5c C:/msys64/opt/wonderful/toolchain/gcc-arm-none-eabi/lib/gcc/arm-none-eabi/14.2.0/../../../../arm-none-eabi/lib/thumb/arm946e-s\libc.a(libc_tinystdio_snprintf.c.o)
                0x020111b0                snprintf
 .text.sscanf   0x0201120c       0x3c C:/msys64/opt/wonderful/toolchain/gcc-arm-none-eabi/lib/gcc/arm-none-eabi/14.2.0/../../../../arm-none-eabi/lib/thumb/arm946e-s\libc.a(libc_tinystdio_sscanf.c.o)
                0x0201120c                sscanf
 .text.strtoul  0x02011248      0x12c C:/msys64/opt/wonderful/toolchain/gcc-arm-none-eabi/lib/gcc/arm-none-eabi/14.2.0/../../../../arm-none-eabi/lib/thumb/arm946e-s\libc.a(libc_tinystdio_strtoul.c.o)
                0x02011248                strtoul
 .text.__ultoa_invert
                0x02011374       0x52 C:/msys64/opt/wonderful/toolchain/gcc-arm-none-eabi/lib/gcc/arm-none-eabi/14.2.0/../../../../arm-none-eabi/lib/thumb/arm946e-s\libc.a(libc_tinystdio_vfprintf.c.o)
 *fill*         0x020113c6        0x2 ff
 .text.skip_to_arg
                0x020113c8      0x13c C:/msys64/opt/wonderful/toolchain/gcc-arm-none-eabi/lib/gcc/arm-none-eabi/14.2.0/../../../../arm-none-eabi/lib/thumb/arm946e-s\libc.a(libc_tinystdio_vfprintf.c.o)
 .text.vfprintf
                0x02011504      0x9b4 C:/msys64/opt/wonderful/toolchain/gcc-arm-none-eabi/lib/gcc/arm-none-eabi/14.2.0/../../../../arm-none-eabi/lib/thumb/arm946e-s\libc.a(libc_tinystdio_vfprintf.c.o)
                0x02011504                vfprintf
                0x02011504                __d_vfprintf
 .text.scanf_getc
                0x02011eb8       0x14 C:/msys64/opt/wonderful/toolchain/gcc-arm-none-eabi/lib/gcc/arm-none-eabi/14.2.0/../../../../arm-none-eabi/lib/thumb/arm946e-s\libc.a(libc_tinystdio_vfscanf.c.o)
 .text.scanf_ungetc
                0x02011ecc       0x12 C:/msys64/opt/wonderful/toolchain/gcc-arm-none-eabi/lib/gcc/arm-none-eabi/14.2.0/../../../../arm-none-eabi/lib/thumb/arm946e-s\libc.a(libc_tinystdio_vfscanf.c.o)
 .text.skip_spaces
                0x02011ede       0x2a C:/msys64/opt/wonderful/toolchain/gcc-arm-none-eabi/lib/gcc/arm-none-eabi/14.2.0/../../../../arm-none-eabi/lib/thumb/arm946e-s\libc.a(libc_tinystdio_vfscanf.c.o)
 .text.putval   0x02011f08       0x2a C:/msys64/opt/wonderful/toolchain/gcc-arm-none-eabi/lib/gcc/arm-none-eabi/14.2.0/../../../../arm-none-eabi/lib/thumb/arm946e-s\libc.a(libc_tinystdio_vfscanf.c.o)
 *fill*         0x02011f32        0x2 ff
 .text.vfscanf  0x02011f34      0x9e8 C:/msys64/opt/wonderful/toolchain/gcc-arm-none-eabi/lib/gcc/arm-none-eabi/14.2.0/../../../../arm-none-eabi/lib/thumb/arm946e-s\libc.a(libc_tinystdio_vfscanf.c.o)
                0x02011f34                vfscanf
                0x02011f34                __d_vfscanf
 .text.vprintf  0x0201291c       0x14 C:/msys64/opt/wonderful/toolchain/gcc-arm-none-eabi/lib/gcc/arm-none-eabi/14.2.0/../../../../arm-none-eabi/lib/thumb/arm946e-s\libc.a(libc_tinystdio_vprintf.c.o)
                0x0201291c                vprintf
 .text.mulShift64
                0x02012930       0x64 C:/msys64/opt/wonderful/toolchain/gcc-arm-none-eabi/lib/gcc/arm-none-eabi/14.2.0/../../../../arm-none-eabi/lib/thumb/arm946e-s\libc.a(libc_tinystdio_atod_ryu.c.o)
 .text.__atod_engine
                0x02012994      0x158 C:/msys64/opt/wonderful/toolchain/gcc-arm-none-eabi/lib/gcc/arm-none-eabi/14.2.0/../../../../arm-none-eabi/lib/thumb/arm946e-s\libc.a(libc_tinystdio_atod_ryu.c.o)
                0x02012994                __atod_engine
 .text.__atof_engine
                0x02012aec      0x11e C:/msys64/opt/wonderful/toolchain/gcc-arm-none-eabi/lib/gcc/arm-none-eabi/14.2.0/../../../../arm-none-eabi/lib/thumb/arm946e-s\libc.a(libc_tinystdio_atof_ryu.c.o)
                0x02012aec                __atof_engine
 .text.mulShiftAll64
                0x02012c0a      0x208 C:/msys64/opt/wonderful/toolchain/gcc-arm-none-eabi/lib/gcc/arm-none-eabi/14.2.0/../../../../arm-none-eabi/lib/thumb/arm946e-s\libc.a(libc_tinystdio_dtoa_ryu.c.o)
 *fill*         0x02012e12        0x2 ff
 .text.div10    0x02012e14       0x28 C:/msys64/opt/wonderful/toolchain/gcc-arm-none-eabi/lib/gcc/arm-none-eabi/14.2.0/../../../../arm-none-eabi/lib/thumb/arm946e-s\libc.a(libc_tinystdio_dtoa_ryu.c.o)
 .text.__dtoa_engine
                0x02012e3c      0x4a0 C:/msys64/opt/wonderful/toolchain/gcc-arm-none-eabi/lib/gcc/arm-none-eabi/14.2.0/../../../../arm-none-eabi/lib/thumb/arm946e-s\libc.a(libc_tinystdio_dtoa_ryu.c.o)
                0x02012e3c                __dtoa_engine
 .text.mulShift32
                0x020132dc       0x4a C:/msys64/opt/wonderful/toolchain/gcc-arm-none-eabi/lib/gcc/arm-none-eabi/14.2.0/../../../../arm-none-eabi/lib/thumb/arm946e-s\libc.a(libc_tinystdio_ryu_divpow2.c.o)
 .text.__mulPow5InvDivPow2
                0x02013326       0x2a C:/msys64/opt/wonderful/toolchain/gcc-arm-none-eabi/lib/gcc/arm-none-eabi/14.2.0/../../../../arm-none-eabi/lib/thumb/arm946e-s\libc.a(libc_tinystdio_ryu_divpow2.c.o)
                0x02013326                __mulPow5InvDivPow2
 .text.__mulPow5divPow2
                0x02013350       0x22 C:/msys64/opt/wonderful/toolchain/gcc-arm-none-eabi/lib/gcc/arm-none-eabi/14.2.0/../../../../arm-none-eabi/lib/thumb/arm946e-s\libc.a(libc_tinystdio_ryu_divpow2.c.o)
                0x02013350                __mulPow5divPow2
 *fill*         0x02013372        0x2 ff
 .text.__log10Pow2
                0x02013374        0xc C:/msys64/opt/wonderful/toolchain/gcc-arm-none-eabi/lib/gcc/arm-none-eabi/14.2.0/../../../../arm-none-eabi/lib/thumb/arm946e-s\libc.a(libc_tinystdio_ryu_log10.c.o)
                0x02013374                __log10Pow2
 .text.__log10Pow5
                0x02013380        0xc C:/msys64/opt/wonderful/toolchain/gcc-arm-none-eabi/lib/gcc/arm-none-eabi/14.2.0/../../../../arm-none-eabi/lib/thumb/arm946e-s\libc.a(libc_tinystdio_ryu_log10.c.o)
                0x02013380                __log10Pow5
 .text.__log2pow5
                0x0201338c        0xc C:/msys64/opt/wonderful/toolchain/gcc-arm-none-eabi/lib/gcc/arm-none-eabi/14.2.0/../../../../arm-none-eabi/lib/thumb/arm946e-s\libc.a(libc_tinystdio_ryu_log2pow5.c.o)
                0x0201338c                __log2pow5
 .text.__ceil_log2pow5
                0x02013398       0x10 C:/msys64/opt/wonderful/toolchain/gcc-arm-none-eabi/lib/gcc/arm-none-eabi/14.2.0/../../../../arm-none-eabi/lib/thumb/arm946e-s\libc.a(libc_tinystdio_ryu_log2pow5.c.o)
                0x02013398                __ceil_log2pow5
 .text.__pow5bits
                0x020133a8       0x10 C:/msys64/opt/wonderful/toolchain/gcc-arm-none-eabi/lib/gcc/arm-none-eabi/14.2.0/../../../../arm-none-eabi/lib/thumb/arm946e-s\libc.a(libc_tinystdio_ryu_pow5bits.c.o)
                0x020133a8                __pow5bits
 .text.__pow5Factor
                0x020133b8       0x2c C:/msys64/opt/wonderful/toolchain/gcc-arm-none-eabi/lib/gcc/arm-none-eabi/14.2.0/../../../../arm-none-eabi/lib/thumb/arm946e-s\libc.a(libc_tinystdio_ryu_table.c.o)
                0x020133b8                __pow5Factor
 .text.__double_computePow5
                0x020133e4      0x104 C:/msys64/opt/wonderful/toolchain/gcc-arm-none-eabi/lib/gcc/arm-none-eabi/14.2.0/../../../../arm-none-eabi/lib/thumb/arm946e-s\libc.a(libc_tinystdio_ryu_table.c.o)
                0x020133e4                __double_computePow5
 .text.__double_computeInvPow5
                0x020134e8      0x100 C:/msys64/opt/wonderful/toolchain/gcc-arm-none-eabi/lib/gcc/arm-none-eabi/14.2.0/../../../../arm-none-eabi/lib/thumb/arm946e-s\libc.a(libc_tinystdio_ryu_table.c.o)
                0x020134e8                __double_computeInvPow5
 .text.__umul128
                0x020135e8       0x6a C:/msys64/opt/wonderful/toolchain/gcc-arm-none-eabi/lib/gcc/arm-none-eabi/14.2.0/../../../../arm-none-eabi/lib/thumb/arm946e-s\libc.a(libc_tinystdio_ryu_umul128.c.o)
                0x020135e8                __umul128
 .text.__shiftright128
                0x02013652       0x28 C:/msys64/opt/wonderful/toolchain/gcc-arm-none-eabi/lib/gcc/arm-none-eabi/14.2.0/../../../../arm-none-eabi/lib/thumb/arm946e-s\libc.a(libc_tinystdio_ryu_umul128.c.o)
                0x02013652                __shiftright128
 .text.__picolibc_non_atomic_exchange_ungetc
                0x0201367a        0x8 C:/msys64/opt/wonderful/toolchain/gcc-arm-none-eabi/lib/gcc/arm-none-eabi/14.2.0/../../../../arm-none-eabi/lib/thumb/arm946e-s\libc.a(libc_tinystdio_exchange.c.o)
                0x0201367a                __picolibc_non_atomic_exchange_ungetc
                0x0201367a                __atomic_exchange_ungetc
 *fill*         0x02013682        0x2 ff
 .text.fdopen   0x02013684       0xac C:/msys64/opt/wonderful/toolchain/gcc-arm-none-eabi/lib/gcc/arm-none-eabi/14.2.0/../../../../arm-none-eabi/lib/thumb/arm946e-s\libc.a(libc_tinystdio_fdopen.c.o)
                0x02013684                fdopen
 .text.fopen    0x02013730       0x2e C:/msys64/opt/wonderful/toolchain/gcc-arm-none-eabi/lib/gcc/arm-none-eabi/14.2.0/../../../../arm-none-eabi/lib/thumb/arm946e-s\libc.a(libc_tinystdio_fopen.c.o)
                0x02013730                fopen
 .text.memmove  0x0201375e       0x24 C:/msys64/opt/wonderful/toolchain/gcc-arm-none-eabi/lib/gcc/arm-none-eabi/14.2.0/../../../../arm-none-eabi/lib/thumb/arm946e-s\libc.a(memmove.c.o)
                0x0201375e                __aeabi_memmove8
                0x0201375e                __aeabi_memmove
                0x0201375e                __aeabi_memmove4
                0x0201375e                memmove
 *fill*         0x02013782        0x2 ff
 .text.__libc_fini_array
                0x02013784       0x30 C:/msys64/opt/wonderful/toolchain/gcc-arm-none-eabi/lib/gcc/arm-none-eabi/14.2.0/../../../../arm-none-eabi/lib/thumb/arm946e-s\libc.a(libc_misc_fini.c.o)
                0x02013784                __libc_fini_array
 .text.getenv   0x020137b4        0xa C:/msys64/opt/wonderful/toolchain/gcc-arm-none-eabi/lib/gcc/arm-none-eabi/14.2.0/../../../../arm-none-eabi/lib/thumb/arm946e-s\libc.a(libc_stdlib_getenv.c.o)
                0x020137b4                getenv
 *fill*         0x020137be        0x2 ff
 .text._findenv
                0x020137c0       0x7c C:/msys64/opt/wonderful/toolchain/gcc-arm-none-eabi/lib/gcc/arm-none-eabi/14.2.0/../../../../arm-none-eabi/lib/thumb/arm946e-s\libc.a(libc_stdlib_getenv_r.c.o)
                0x020137c0                _findenv
 .text.strnlen  0x0201383c       0x16 C:/msys64/opt/wonderful/toolchain/gcc-arm-none-eabi/lib/gcc/arm-none-eabi/14.2.0/../../../../arm-none-eabi/lib/thumb/arm946e-s\libc.a(libc_string_strnlen.c.o)
                0x0201383c                strnlen
 *fill*         0x02013852        0x2 ff
 .text.__gettzinfo
                0x02013854        0x8 C:/msys64/opt/wonderful/toolchain/gcc-arm-none-eabi/lib/gcc/arm-none-eabi/14.2.0/../../../../arm-none-eabi/lib/thumb/arm946e-s\libc.a(libc_time_gettzinfo.c.o)
                0x02013854                __gettzinfo
 .text.gmtime_r
                0x0201385c      0x1d4 C:/msys64/opt/wonderful/toolchain/gcc-arm-none-eabi/lib/gcc/arm-none-eabi/14.2.0/../../../../arm-none-eabi/lib/thumb/arm946e-s\libc.a(libc_time_gmtime_r.c.o)
                0x0201385c                gmtime_r
 .text.__picolibc_non_atomic_load_ungetc
                0x02013a30        0x4 C:/msys64/opt/wonderful/toolchain/gcc-arm-none-eabi/lib/gcc/arm-none-eabi/14.2.0/../../../../arm-none-eabi/lib/thumb/arm946e-s\libc.a(libc_tinystdio_atomic_load.c.o)
                0x02013a30                __picolibc_non_atomic_load_ungetc
                0x02013a30                __atomic_load_ungetc
 .text.__bufio_flush_locked
                0x02013a34       0x66 C:/msys64/opt/wonderful/toolchain/gcc-arm-none-eabi/lib/gcc/arm-none-eabi/14.2.0/../../../../arm-none-eabi/lib/thumb/arm946e-s\libc.a(libc_tinystdio_bufio.c.o)
                0x02013a34                __bufio_flush_locked
 .text.__bufio_fill_locked
                0x02013a9a       0x2c C:/msys64/opt/wonderful/toolchain/gcc-arm-none-eabi/lib/gcc/arm-none-eabi/14.2.0/../../../../arm-none-eabi/lib/thumb/arm946e-s\libc.a(libc_tinystdio_bufio.c.o)
                0x02013a9a                __bufio_fill_locked
 .text.__bufio_flush
                0x02013ac6       0x1c C:/msys64/opt/wonderful/toolchain/gcc-arm-none-eabi/lib/gcc/arm-none-eabi/14.2.0/../../../../arm-none-eabi/lib/thumb/arm946e-s\libc.a(libc_tinystdio_bufio.c.o)
                0x02013ac6                __bufio_flush
 .text.__bufio_setdir_locked
                0x02013ae2       0x1a C:/msys64/opt/wonderful/toolchain/gcc-arm-none-eabi/lib/gcc/arm-none-eabi/14.2.0/../../../../arm-none-eabi/lib/thumb/arm946e-s\libc.a(libc_tinystdio_bufio.c.o)
                0x02013ae2                __bufio_setdir_locked
 .text.__bufio_put
                0x02013afc       0x50 C:/msys64/opt/wonderful/toolchain/gcc-arm-none-eabi/lib/gcc/arm-none-eabi/14.2.0/../../../../arm-none-eabi/lib/thumb/arm946e-s\libc.a(libc_tinystdio_bufio.c.o)
                0x02013afc                __bufio_put
 .text.__bufio_get
                0x02013b4c       0x84 C:/msys64/opt/wonderful/toolchain/gcc-arm-none-eabi/lib/gcc/arm-none-eabi/14.2.0/../../../../arm-none-eabi/lib/thumb/arm946e-s\libc.a(libc_tinystdio_bufio.c.o)
                0x02013b4c                __bufio_get
 .text.__bufio_seek
                0x02013bd0       0x6c C:/msys64/opt/wonderful/toolchain/gcc-arm-none-eabi/lib/gcc/arm-none-eabi/14.2.0/../../../../arm-none-eabi/lib/thumb/arm946e-s\libc.a(libc_tinystdio_bufio.c.o)
                0x02013bd0                __bufio_seek
 .text.__bufio_setvbuf
                0x02013c3c       0x8a C:/msys64/opt/wonderful/toolchain/gcc-arm-none-eabi/lib/gcc/arm-none-eabi/14.2.0/../../../../arm-none-eabi/lib/thumb/arm946e-s\libc.a(libc_tinystdio_bufio.c.o)
                0x02013c3c                __bufio_setvbuf
 .text.__bufio_close
                0x02013cc6       0x48 C:/msys64/opt/wonderful/toolchain/gcc-arm-none-eabi/lib/gcc/arm-none-eabi/14.2.0/../../../../arm-none-eabi/lib/thumb/arm946e-s\libc.a(libc_tinystdio_bufio.c.o)
                0x02013cc6                __bufio_close
 *fill*         0x02013d0e        0x2 ff
 .text.__dtox_engine
                0x02013d10      0x13c C:/msys64/opt/wonderful/toolchain/gcc-arm-none-eabi/lib/gcc/arm-none-eabi/14.2.0/../../../../arm-none-eabi/lib/thumb/arm946e-s\libc.a(libc_tinystdio_dtox_engine.c.o)
                0x02013d10                __dtox_engine
 .text.fgetc    0x02013e4c       0x48 C:/msys64/opt/wonderful/toolchain/gcc-arm-none-eabi/lib/gcc/arm-none-eabi/14.2.0/../../../../arm-none-eabi/lib/thumb/arm946e-s\libc.a(libc_tinystdio_fgetc.c.o)
                0x02013e4c                getc
                0x02013e4c                fgetc
                0x02013e4c                getc_unlocked
 .text.__file_str_get
                0x02013e94       0x16 C:/msys64/opt/wonderful/toolchain/gcc-arm-none-eabi/lib/gcc/arm-none-eabi/14.2.0/../../../../arm-none-eabi/lib/thumb/arm946e-s\libc.a(libc_tinystdio_filestrget.c.o)
                0x02013e94                __file_str_get
 .text.__file_str_put
                0x02013eaa       0x10 C:/msys64/opt/wonderful/toolchain/gcc-arm-none-eabi/lib/gcc/arm-none-eabi/14.2.0/../../../../arm-none-eabi/lib/thumb/arm946e-s\libc.a(libc_tinystdio_filestrput.c.o)
                0x02013eaa                __file_str_put
 .text.fputc    0x02013eba       0x2c C:/msys64/opt/wonderful/toolchain/gcc-arm-none-eabi/lib/gcc/arm-none-eabi/14.2.0/../../../../arm-none-eabi/lib/thumb/arm946e-s\libc.a(libc_tinystdio_fputc.c.o)
                0x02013eba                putc
                0x02013eba                fputc
                0x02013eba                putc_unlocked
 *fill*         0x02013ee6        0x2 ff
 .text.fseeko   0x02013ee8       0x40 C:/msys64/opt/wonderful/toolchain/gcc-arm-none-eabi/lib/gcc/arm-none-eabi/14.2.0/../../../../arm-none-eabi/lib/thumb/arm946e-s\libc.a(libc_tinystdio_fseeko.c.o)
                0x02013ee8                fseeko
 .text.__posix_sflags
                0x02013f28       0x58 C:/msys64/opt/wonderful/toolchain/gcc-arm-none-eabi/lib/gcc/arm-none-eabi/14.2.0/../../../../arm-none-eabi/lib/thumb/arm946e-s\libc.a(libc_tinystdio_sflags.c.o)
                0x02013f28                __posix_sflags
 .text.ungetc   0x02013f80       0x36 C:/msys64/opt/wonderful/toolchain/gcc-arm-none-eabi/lib/gcc/arm-none-eabi/14.2.0/../../../../arm-none-eabi/lib/thumb/arm946e-s\libc.a(libc_tinystdio_ungetc.c.o)
                0x02013f80                ungetc
 .text.__picolibc_non_atomic_compare_exchange_ungetc
                0x02013fb6       0x12 C:/msys64/opt/wonderful/toolchain/gcc-arm-none-eabi/lib/gcc/arm-none-eabi/14.2.0/../../../../arm-none-eabi/lib/thumb/arm946e-s\libc.a(libc_tinystdio_compare_exchange.c.o)
                0x02013fb6                __atomic_compare_exchange_ungetc
                0x02013fb6                __picolibc_non_atomic_compare_exchange_ungetc
 .text.gettimeofday
                0x02013fc8       0x1c C:/msys64/opt/wonderful/thirdparty/blocksds/core/libs/libnds/lib\libnds9.a(syscalls.c.o)
                0x02013fc8                gettimeofday
 *fill*         0x02013fe4        0x4 ff
 .text.gettimeofday.__stub
                0x02013fe8       0x28 linker stubs
 *(EXCLUDE_FILE(*.twl*) .gnu.warning)
 *(EXCLUDE_FILE(*.twl*) .gnu.linkonce.t*)
 *(.glue_7)
 .glue_7        0x02014010        0x0 linker stubs
 *(.glue_7t)
 .glue_7t       0x02014010        0x0 linker stubs
                0x02014010                        . = ALIGN (0x4)

.vfp11_veneer   0x02014010        0x0
 .vfp11_veneer  0x02014010        0x0 linker stubs

.v4_bx          0x02014010        0x0
 .v4_bx         0x02014010        0x0 linker stubs

.iplt           0x02014010        0x0
 .iplt          0x02014010        0x0 C:/msys64/opt/wonderful/thirdparty/blocksds/core/sys/crts/ds_arm9_crt0.o

.fini           0x02014010        0x8
 *(.fini)
 .fini          0x02014010        0x8 C:/msys64/opt/wonderful/toolchain/gcc-arm-none-eabi/lib/gcc/arm-none-eabi/14.2.0/thumb/arm946e-s/crtn.o
                0x02014018                        __text_end = .

.rodata         0x02014018     0x1a78
 *(EXCLUDE_FILE(*.twl*) .rodata)
 .rodata        0x02014018       0x90 C:/msys64/opt/wonderful/thirdparty/blocksds/external/nflib/lib\libnflib.a(nf_sprite256.c.o)
 .rodata        0x020140a8       0x14 C:/msys64/opt/wonderful/thirdparty/blocksds/core/libs/libnds/lib\libnds9.a(fatfs.c.o)
 .rodata        0x020140bc       0x40 C:/msys64/opt/wonderful/thirdparty/blocksds/core/libs/libnds/lib\libnds9.a(exceptions.c.o)
 .rodata        0x020140fc       0x18 C:/msys64/opt/wonderful/toolchain/gcc-arm-none-eabi/lib/gcc/arm-none-eabi/14.2.0/../../../../arm-none-eabi/lib/thumb/arm946e-s\libc.a(libc_time_month_lengths.c.o)
                0x020140fc                __month_lengths
 .rodata        0x02014114        0xb C:/msys64/opt/wonderful/toolchain/gcc-arm-none-eabi/lib/gcc/arm-none-eabi/14.2.0/../../../../arm-none-eabi/lib/thumb/arm946e-s\libc.a(libc_tinystdio_vfscanf.c.o)
 *fill*         0x0201411f        0x1 ff
 .rodata        0x02014120      0x338 C:/msys64/opt/wonderful/toolchain/gcc-arm-none-eabi/lib/gcc/arm-none-eabi/14.2.0/../../../../arm-none-eabi/lib/thumb/arm946e-s\libc.a(libc_tinystdio_ryu_table.c.o)
 *all.rodata*(*)
 *(EXCLUDE_FILE(*.twl*) .roda)
 *(EXCLUDE_FILE(*.twl*) .rodata.*)
 .rodata.showTitleScreen.str1.4
                0x02014458      0x9f4 build/CatchTheStars/source/main.c.o
                                 0x93 (size before relaxing)
 .rodata.loadSprites.str1.4
                0x02014e4c       0x20 build/CatchTheStars/source/main.c.o
 .rodata.showScore.str1.4
                0x02014e4c        0xb build/CatchTheStars/source/main.c.o
 .rodata.main.str1.4
                0x02014e4c       0x34 build/CatchTheStars/source/main.c.o
 .rodata.NF_LoadTextFont16.str1.4
                0x02014e4c       0x37 C:/msys64/opt/wonderful/thirdparty/blocksds/external/nflib/lib\libnflib.a(nf_text16.c.o)
 .rodata.NF_CreateTextLayer16.str1.4
                0x02014e4c        0x9 C:/msys64/opt/wonderful/thirdparty/blocksds/external/nflib/lib\libnflib.a(nf_text16.c.o)
 .rodata.NF_WriteText16
                0x02014e4c      0x170 C:/msys64/opt/wonderful/thirdparty/blocksds/external/nflib/lib\libnflib.a(nf_text16.c.o)
 .rodata.NF_LoadSpriteGfx.str1.4
                0x02014fbc       0x1a C:/msys64/opt/wonderful/thirdparty/blocksds/external/nflib/lib\libnflib.a(nf_sprite256.c.o)
 .rodata.NF_LoadSpritePal.str1.4
                0x02014fbc       0x1a C:/msys64/opt/wonderful/thirdparty/blocksds/external/nflib/lib\libnflib.a(nf_sprite256.c.o)
 .rodata.NF_VramSpriteGfx.str1.4
                0x02014fbc       0x20 C:/msys64/opt/wonderful/thirdparty/blocksds/external/nflib/lib\libnflib.a(nf_sprite256.c.o)
 .rodata.NF_VramSpritePal.str1.4
                0x02014fbc       0x14 C:/msys64/opt/wonderful/thirdparty/blocksds/external/nflib/lib\libnflib.a(nf_sprite256.c.o)
 .rodata.NF_CreateSprite.str1.4
                0x02014fbc       0x18 C:/msys64/opt/wonderful/thirdparty/blocksds/external/nflib/lib\libnflib.a(nf_sprite256.c.o)
 .rodata.NF_Error.str1.4
                0x02014fbc      0x408 C:/msys64/opt/wonderful/thirdparty/blocksds/external/nflib/lib\libnflib.a(nf_basic.c.o)
 .rodata.NF_Error
                0x02014fbc       0x5c C:/msys64/opt/wonderful/thirdparty/blocksds/external/nflib/lib\libnflib.a(nf_basic.c.o)
 .rodata.NF_SetRootFolder.str1.4
                0x02015018      0x256 C:/msys64/opt/wonderful/thirdparty/blocksds/external/nflib/lib\libnflib.a(nf_basic.c.o)
 .rodata.NF_FileLoad.str1.4
                0x02015018        0x3 C:/msys64/opt/wonderful/thirdparty/blocksds/external/nflib/lib\libnflib.a(nf_basic.c.o)
 .rodata.NF_InitTiledBgBuffers.str1.4
                0x02015018        0xd C:/msys64/opt/wonderful/thirdparty/blocksds/external/nflib/lib\libnflib.a(nf_tiledbg.c.o)
 .rodata.NF_LoadTiledBg.str1.4
                0x02015018       0x37 C:/msys64/opt/wonderful/thirdparty/blocksds/external/nflib/lib\libnflib.a(nf_tiledbg.c.o)
 .rodata.NF_DeleteTiledBg.str1.4
                0x02015018        0x3 C:/msys64/opt/wonderful/thirdparty/blocksds/external/nflib/lib\libnflib.a(nf_tiledbg.c.o)
 .rodata.NF_GetTileMapAddress.str1.4
                0x02015018        0xf C:/msys64/opt/wonderful/thirdparty/blocksds/external/nflib/lib\libnflib.a(nf_tiledbg.c.o)
 .rodata.con_write
                0x02015018      0x118 C:/msys64/opt/wonderful/thirdparty/blocksds/core/libs/libnds/lib\libnds9.a(console.c.o)
 .rodata.chdir.str1.4
                0x02015130        0xb C:/msys64/opt/wonderful/thirdparty/blocksds/core/libs/libnds/lib\libnds9.a(chdir.c.o)
 .rodata.fatGetDefaultCwd.str1.4
                0x02015130        0xd C:/msys64/opt/wonderful/thirdparty/blocksds/core/libs/libnds/lib\libnds9.a(fatfs.c.o)
 .rodata.CSWTCH.24
                0x02015130        0xc C:/msys64/opt/wonderful/thirdparty/blocksds/core/libs/libnds/lib\libnds9.a(filesystem.c.o)
 .rodata.stderr
                0x0201513c        0x4 C:/msys64/opt/wonderful/thirdparty/blocksds/core/libs/libnds/lib\libnds9.a(iob.c.o)
                0x0201513c                stderr
 .rodata.stdout
                0x02015140        0x4 C:/msys64/opt/wonderful/thirdparty/blocksds/core/libs/libnds/lib\libnds9.a(iob.c.o)
                0x02015140                stdout
 .rodata.stdin  0x02015144        0x4 C:/msys64/opt/wonderful/thirdparty/blocksds/core/libs/libnds/lib\libnds9.a(iob.c.o)
                0x02015144                stdin
 .rodata.nitrofs_use_for_path.str1.4
                0x02015148        0xc C:/msys64/opt/wonderful/thirdparty/blocksds/core/libs/libnds/lib\libnds9.a(nitrofs.c.o)
 .rodata.nitroFSInit.str1.4
                0x02015148        0x2 C:/msys64/opt/wonderful/thirdparty/blocksds/core/libs/libnds/lib\libnds9.a(nitrofs.c.o)
 .rodata.systemValueHandler.str1.4
                0x02015148       0x2b C:/msys64/opt/wonderful/thirdparty/blocksds/core/libs/libnds/lib\libnds9.a(system.c.o)
 .rodata.systemValueHandler
                0x02015148       0x10 C:/msys64/opt/wonderful/thirdparty/blocksds/core/libs/libnds/lib\libnds9.a(system.c.o)
 .rodata.bgTransform
                0x02015158       0x20 C:/msys64/opt/wonderful/thirdparty/blocksds/core/libs/libnds/lib\libnds9.a(background.c.o)
                0x02015158                bgTransform
 .rodata.bgScrollTable
                0x02015178       0x20 C:/msys64/opt/wonderful/thirdparty/blocksds/core/libs/libnds/lib\libnds9.a(background.c.o)
                0x02015178                bgScrollTable
 .rodata.bgControl
                0x02015198       0x20 C:/msys64/opt/wonderful/thirdparty/blocksds/core/libs/libnds/lib\libnds9.a(background.c.o)
                0x02015198                bgControl
 .rodata.__retarget_lock_init_recursive.str1.4
                0x020151b8        0xa C:/msys64/opt/wonderful/thirdparty/blocksds/core/libs/libnds/lib\libnds9.a(locks.c.o)
 .rodata.__retarget_lock_close_recursive.str1.4
                0x020151b8        0xb C:/msys64/opt/wonderful/thirdparty/blocksds/core/libs/libnds/lib\libnds9.a(locks.c.o)
 .rodata.__retarget_lock_release_recursive.str1.4
                0x020151b8        0xd C:/msys64/opt/wonderful/thirdparty/blocksds/core/libs/libnds/lib\libnds9.a(locks.c.o)
 .rodata.get_ldnumber.str1.4
                0x020151b8        0x7 C:/msys64/opt/wonderful/thirdparty/blocksds/core/libs/libnds/lib\libnds9.a(ff.c.o)
 .rodata.follow_path.str1.4
                0x020151b8       0x13 C:/msys64/opt/wonderful/thirdparty/blocksds/core/libs/libnds/lib\libnds9.a(ff.c.o)
 .rodata.check_fs.str1.4
                0x020151b8        0x9 C:/msys64/opt/wonderful/thirdparty/blocksds/core/libs/libnds/lib\libnds9.a(ff.c.o)
 .rodata.ExCvt  0x020151b8       0x80 C:/msys64/opt/wonderful/thirdparty/blocksds/core/libs/libnds/lib\libnds9.a(ff.c.o)
 .rodata.LfnOfs
                0x02015238        0xd C:/msys64/opt/wonderful/thirdparty/blocksds/core/libs/libnds/lib\libnds9.a(ff.c.o)
 *fill*         0x02015245        0x3 ff
 .rodata.ff_wtoupper
                0x02015248       0x24 C:/msys64/opt/wonderful/thirdparty/blocksds/core/libs/libnds/lib\libnds9.a(ffunicode.c.o)
 .rodata.cvt2.0
                0x0201526c       0xbc C:/msys64/opt/wonderful/thirdparty/blocksds/core/libs/libnds/lib\libnds9.a(ffunicode.c.o)
 .rodata.cvt1.1
                0x02015328      0x1f2 C:/msys64/opt/wonderful/thirdparty/blocksds/core/libs/libnds/lib\libnds9.a(ffunicode.c.o)
 *fill*         0x0201551a        0x2 ff
 .rodata.uc437  0x0201551c      0x100 C:/msys64/opt/wonderful/thirdparty/blocksds/core/libs/libnds/lib\libnds9.a(ffunicode.c.o)
 .rodata.default_fontTiles
                0x0201561c      0x300 C:/msys64/opt/wonderful/thirdparty/blocksds/core/libs/libnds/lib\libnds9.a(default_font.png.o)
                0x0201561c                default_fontTiles
 .rodata.__sassert.str1.4
                0x0201591c       0x73 C:/msys64/opt/wonderful/thirdparty/blocksds/core/libs/libnds/lib\libnds9.a(sassert.c.o)
 .rodata.releaseCrashHandler.str1.4
                0x0201591c       0x33 C:/msys64/opt/wonderful/thirdparty/blocksds/core/libs/libnds/lib\libnds9.a(exceptions.c.o)
 .rodata.exceptionStatePrint.str1.4
                0x0201591c       0x54 C:/msys64/opt/wonderful/thirdparty/blocksds/core/libs/libnds/lib\libnds9.a(exceptions.c.o)
 .rodata.str1.4
                0x0201591c       0x40 C:/msys64/opt/wonderful/thirdparty/blocksds/core/libs/libnds/lib\libnds9.a(exceptions.c.o)
 .rodata.SIN_LUT
                0x0201591c      0x102 C:/msys64/opt/wonderful/thirdparty/blocksds/core/libs/libnds/lib\libnds9.a(trig.c.o)
                0x0201591c                SIN_LUT
 .rodata.str1.1
                0x02015a1e       0x72 C:/msys64/opt/wonderful/toolchain/gcc-arm-none-eabi/lib/gcc/arm-none-eabi/14.2.0/../../../../arm-none-eabi/lib/thumb/arm946e-s\libc.a(libc_time_tzset.c.o)
                                 0x61 (size before relaxing)
 .rodata.str1.1
                0x02015a90        0x4 C:/msys64/opt/wonderful/toolchain/gcc-arm-none-eabi/lib/gcc/arm-none-eabi/14.2.0/../../../../arm-none-eabi/lib/thumb/arm946e-s\libc.a(libc_time_tzvars.c.o)
 .rodata.str1.1
                0x02015a90        0xf C:/msys64/opt/wonderful/toolchain/gcc-arm-none-eabi/lib/gcc/arm-none-eabi/14.2.0/../../../../arm-none-eabi/lib/thumb/arm946e-s\libc.a(libc_tinystdio_vfprintf.c.o)
 .rodata.str1.1
                0x02015a90       0x15 C:/msys64/opt/wonderful/toolchain/gcc-arm-none-eabi/lib/gcc/arm-none-eabi/14.2.0/../../../../arm-none-eabi/lib/thumb/arm946e-s\libc.a(libc_tinystdio_vfscanf.c.o)
 *(EXCLUDE_FILE(*.twl*) .gnu.linkonce.r*)
                0x02015aa8                        . = ALIGN (0x4)

.ARM.extab
 *(.ARM.extab* .gnu.linkonce.armextab.*)
                0x02015a90                        __exidx_start = .

ARM.exidx       0x02015a90        0x8
 *(.ARM.exidx* .gnu.linkonce.armexidx.*)
 .ARM.exidx     0x02015a90        0x8 C:/msys64/opt/wonderful/toolchain/gcc-arm-none-eabi/lib/gcc/arm-none-eabi/14.2.0/thumb/arm946e-s\libgcc.a(_udivmoddi4.o)
                0x02015a98                        __exidx_end = .
                0x02015a98                        . = ALIGN (0x4)

.preinit_array  0x02015a98        0x0
                0x02015a98                        PROVIDE (__preinit_array_start = .)
 *(.preinit_array)
                0x02015a98                        PROVIDE (__preinit_array_end = .)

.init_array     0x02015a98        0x0
                0x02015a98                        PROVIDE (__init_array_start = .)
 *(SORT_BY_INIT_PRIORITY(.init_array.*) SORT_BY_INIT_PRIORITY(.ctors.*))
 *(.init_array EXCLUDE_FILE(*crtend?.o *crtend.o *crtbegin?.o *crtbegin.o) .ctors)
                0x02015a98                        PROVIDE (__init_array_end = .)

.fini_array     0x02015a98        0x0
                0x02015a98                        PROVIDE (__fini_array_start = .)
 *(SORT_BY_INIT_PRIORITY(.fini_array.*) SORT_BY_INIT_PRIORITY(.dtors.*))
 *(.fini_array EXCLUDE_FILE(*crtend?.o *crtend.o *crtbegin?.o *crtbegin.o) .dtors)
                0x02015a98                        PROVIDE (__fini_array_end = .)

.ctors          0x02015a98        0x0
 *crtbegin.o(.ctors)
 *crtbegin?.o(.ctors)
 *(EXCLUDE_FILE(*crtend?.o *crtend.o) .ctors)
 *(SORT_BY_NAME(.ctors.*))
 *(.ctors)
                0x02015a98                        . = ALIGN (0x4)

.dtors          0x02015a98        0x0
 *crtbegin.o(.dtors)
 *crtbegin?.o(.dtors)
 *(EXCLUDE_FILE(*crtend?.o *crtend.o) .dtors)
 *(SORT_BY_NAME(.dtors.*))
 *(.dtors)
                0x02015a98                        . = ALIGN (0x4)

.eh_frame       0x02015a98        0x4
 *(.eh_frame)
 .eh_frame      0x02015a98        0x4 C:/msys64/opt/wonderful/toolchain/gcc-arm-none-eabi/lib/gcc/arm-none-eabi/14.2.0/thumb/arm946e-s/crtend.o
                0x02015a9c                        . = ALIGN (0x4)

.gcc_except_table
                0x02015a9c        0x0
 *(.gcc_except_table .gcc_except_table.*)
                0x02015a9c                        . = ALIGN (0x4)

.got            0x02015a9c       0x10
 *(.got.plt)
 .got.plt       0x02015a9c        0xc C:/msys64/opt/wonderful/thirdparty/blocksds/core/sys/crts/ds_arm9_crt0.o
                0x02015a9c                _GLOBAL_OFFSET_TABLE_
 *(.got)
 .got           0x02015aa8        0x4 C:/msys64/opt/wonderful/thirdparty/blocksds/core/sys/crts/ds_arm9_crt0.o
 *(.rel.got)
 .rel.got       0x02015aac        0x0 C:/msys64/opt/wonderful/thirdparty/blocksds/core/sys/crts/ds_arm9_crt0.o

.ewram          0x02015aac        0x0
                0x02015aac                        __ewram_start = ABSOLUTE (.)
 *(.ewram)
 *ewram.*(.text)
                0x02015aac                        . = ALIGN (0x4)

.data           0x02015aac      0x4f4
                0x02015aac                        __data_start = ABSOLUTE (.)